\BOOKMARK [0][]{chapter.1}{\376\377\0001\000\040\000P\000e\000n\000g\000a\000n\000t\000a\000r\000\040\000W\000e\000b\000\040\000\046\000\040\000S\000e\000t\000u\000p\000\040\000L\000i\000n\000g\000k\000u\000n\000g\000a\000n\000\040\000K\000e\000r\000j\000a}{}% 1
\BOOKMARK [1][]{section.1.1}{\376\377\0001\000.\0001\000\040\000P\000e\000n\000g\000e\000n\000a\000l\000a\000n\000\040\000W\000e\000b}{chapter.1}% 2
\BOOKMARK [1][]{section.1.2}{\376\377\0001\000.\0002\000\040\000A\000l\000u\000r\000\040\000K\000e\000r\000j\000a\000\040\000D\000e\000s\000i\000g\000n\000-\000t\000o\000-\000C\000o\000d\000e}{chapter.1}% 3
\BOOKMARK [1][]{section.1.3}{\376\377\0001\000.\0003\000\040\000I\000n\000s\000t\000a\000l\000a\000s\000i\000\040\000V\000S\000\040\000C\000o\000d\000e\000\040\000\046\000\040\000E\000k\000s\000t\000e\000n\000s\000i}{chapter.1}% 4
\BOOKMARK [1][]{section.1.4}{\376\377\0001\000.\0004\000\040\000A\000k\000u\000n\000\040\000G\000i\000t\000H\000u\000b\000\040\000\046\000\040\000R\000e\000p\000o\000s\000i\000t\000o\000r\000y\000\040\000P\000e\000r\000t\000a\000m\000a}{chapter.1}% 5
\BOOKMARK [1][]{section.1.5}{\376\377\0001\000.\0005\000\040\000L\000a\000t\000i\000h\000a\000n\000\040\000M\000a\000n\000d\000i\000r\000i}{chapter.1}% 6
\BOOKMARK [1][]{section.1.6}{\376\377\0001\000.\0006\000\040\000T\000r\000o\000u\000b\000l\000e\000s\000h\000o\000o\000t\000i\000n\000g}{chapter.1}% 7
\BOOKMARK [1][]{section.1.7}{\376\377\0001\000.\0007\000\040\000R\000a\000n\000g\000k\000u\000m\000a\000n}{chapter.1}% 8
\BOOKMARK [0][]{chapter.2}{\376\377\0002\000\040\000F\000i\000g\000m\000a\000\040\000D\000a\000s\000a\000r\000\040\000\046\000\040\000P\000e\000n\000g\000a\000n\000t\000a\000r\000\040\000U\000I\000/\000U\000X}{}% 9
\BOOKMARK [1][]{section.2.1}{\376\377\0002\000.\0001\000\040\000P\000e\000n\000g\000e\000n\000a\000l\000a\000n\000\040\000F\000i\000g\000m\000a}{chapter.2}% 10
\BOOKMARK [1][]{section.2.2}{\376\377\0002\000.\0002\000\040\000M\000e\000m\000b\000u\000a\000t\000\040\000W\000i\000r\000e\000f\000r\000a\000m\000e\000\040\000H\000a\000l\000a\000m\000a\000n\000\040\000W\000e\000b}{chapter.2}% 11
\BOOKMARK [1][]{section.2.3}{\376\377\0002\000.\0003\000\040\000T\000i\000g\000a\000\040\000K\000o\000n\000s\000e\000p\000\040\000D\000a\000s\000a\000r\000\040\000U\000I\000/\000U\000X}{chapter.2}% 12
\BOOKMARK [1][]{section.2.4}{\376\377\0002\000.\0004\000\040\000L\000a\000t\000i\000h\000a\000n\000\040\000M\000a\000n\000d\000i\000r\000i}{chapter.2}% 13
\BOOKMARK [1][]{section.2.5}{\376\377\0002\000.\0005\000\040\000T\000r\000o\000u\000b\000l\000e\000s\000h\000o\000o\000t\000i\000n\000g}{chapter.2}% 14
\BOOKMARK [1][]{section.2.6}{\376\377\0002\000.\0006\000\040\000R\000a\000n\000g\000k\000u\000m\000a\000n}{chapter.2}% 15
\BOOKMARK [0][]{chapter.3}{\376\377\0003\000\040\000H\000T\000M\000L\000\040\000D\000a\000s\000a\000r\000:\000\040\000S\000t\000r\000u\000k\000t\000u\000r\000\040\000\046\000\040\000S\000e\000m\000a\000n\000t\000i\000c\000\040\000T\000a\000g}{}% 16
\BOOKMARK [1][]{section.3.1}{\376\377\0003\000.\0001\000\040\000S\000t\000r\000u\000k\000t\000u\000r\000\040\000D\000o\000k\000u\000m\000e\000n\000\040\000H\000T\000M\000L}{chapter.3}% 17
\BOOKMARK [1][]{section.3.2}{\376\377\0003\000.\0002\000\040\000E\000l\000e\000m\000e\000n\000-\000E\000l\000e\000m\000e\000n\000\040\000D\000a\000s\000a\000r\000\040\000H\000T\000M\000L}{chapter.3}% 18
\BOOKMARK [1][]{section.3.3}{\376\377\0003\000.\0003\000\040\000S\000e\000m\000a\000n\000t\000i\000c\000\040\000H\000T\000M\000L}{chapter.3}% 19
\BOOKMARK [1][]{section.3.4}{\376\377\0003\000.\0004\000\040\000E\000l\000e\000m\000e\000n\000\040\000P\000e\000n\000d\000u\000k\000u\000n\000g\000\040\000P\000e\000n\000t\000i\000n\000g}{chapter.3}% 20
\BOOKMARK [1][]{section.3.5}{\376\377\0003\000.\0005\000\040\000M\000e\000n\000g\000h\000u\000b\000u\000n\000g\000k\000a\000n\000\040\000H\000T\000M\000L\000\040\000k\000e\000\040\000C\000S\000S\000\040\000\050\000D\000a\000s\000a\000r\000\051}{chapter.3}% 21
\BOOKMARK [1][]{section.3.6}{\376\377\0003\000.\0006\000\040\000V\000a\000l\000i\000d\000a\000s\000i\000\040\000H\000T\000M\000L}{chapter.3}% 22
\BOOKMARK [1][]{section.3.7}{\376\377\0003\000.\0007\000\040\000L\000a\000t\000i\000h\000a\000n\000\040\000M\000a\000n\000d\000i\000r\000i}{chapter.3}% 23
\BOOKMARK [1][]{section.3.8}{\376\377\0003\000.\0008\000\040\000T\000r\000o\000u\000b\000l\000e\000s\000h\000o\000o\000t\000i\000n\000g}{chapter.3}% 24
\BOOKMARK [1][]{section.3.9}{\376\377\0003\000.\0009\000\040\000R\000a\000n\000g\000k\000u\000m\000a\000n}{chapter.3}% 25
\BOOKMARK [0][]{chapter.4}{\376\377\0004\000\040\000H\000T\000M\000L\000\040\000L\000a\000n\000j\000u\000t\000a\000n\000:\000\040\000F\000o\000r\000m\000,\000\040\000T\000a\000b\000e\000l\000\040\000\046\000\040\000M\000u\000l\000t\000i\000m\000e\000d\000i\000a}{}% 26
\BOOKMARK [1][]{section.4.1}{\376\377\0004\000.\0001\000\040\000F\000o\000r\000m\000\040\000H\000T\000M\000L}{chapter.4}% 27
\BOOKMARK [1][]{section.4.2}{\376\377\0004\000.\0002\000\040\000T\000a\000b\000e\000l\000\040\000H\000T\000M\000L}{chapter.4}% 28
\BOOKMARK [1][]{section.4.3}{\376\377\0004\000.\0003\000\040\000M\000u\000l\000t\000i\000m\000e\000d\000i\000a\000:\000\040\000G\000a\000m\000b\000a\000r\000,\000\040\000V\000i\000d\000e\000o\000,\000\040\000A\000u\000d\000i\000o}{chapter.4}% 29
\BOOKMARK [1][]{section.4.4}{\376\377\0004\000.\0004\000\040\000P\000r\000a\000k\000t\000i\000k\000:\000\040\000M\000e\000n\000g\000g\000a\000b\000u\000n\000g\000k\000a\000n\000\040\000S\000e\000m\000u\000a\000\040\000E\000l\000e\000m\000e\000n}{chapter.4}% 30
\BOOKMARK [1][]{section.4.5}{\376\377\0004\000.\0005\000\040\000V\000a\000l\000i\000d\000a\000s\000i\000\040\000\046\000\040\000P\000u\000s\000h\000\040\000k\000e\000\040\000G\000i\000t\000H\000u\000b}{chapter.4}% 31
\BOOKMARK [1][]{section.4.6}{\376\377\0004\000.\0006\000\040\000L\000a\000t\000i\000h\000a\000n\000\040\000M\000a\000n\000d\000i\000r\000i}{chapter.4}% 32
\BOOKMARK [1][]{section.4.7}{\376\377\0004\000.\0007\000\040\000T\000r\000o\000u\000b\000l\000e\000s\000h\000o\000o\000t\000i\000n\000g}{chapter.4}% 33
\BOOKMARK [1][]{section.4.8}{\376\377\0004\000.\0008\000\040\000R\000a\000n\000g\000k\000u\000m\000a\000n}{chapter.4}% 34
\BOOKMARK [0][]{chapter.5}{\376\377\0005\000\040\000C\000S\000S\000\040\000D\000a\000s\000a\000r\000:\000\040\000S\000e\000l\000e\000c\000t\000o\000r\000,\000\040\000B\000o\000x\000\040\000M\000o\000d\000e\000l\000,\000\040\000T\000y\000p\000o\000g\000r\000a\000p\000h\000y}{}% 35
\BOOKMARK [1][]{section.5.1}{\376\377\0005\000.\0001\000\040\000P\000e\000n\000g\000a\000n\000t\000a\000r\000\040\000C\000S\000S}{chapter.5}% 36
\BOOKMARK [1][]{section.5.2}{\376\377\0005\000.\0002\000\040\000P\000r\000a\000k\000t\000i\000k\000u\000m\000\040\0001\000\040\040\024\000\040\000M\000e\000n\000y\000i\000a\000p\000k\000a\000n\000\040\000P\000r\000o\000y\000e\000k}{chapter.5}% 37
\BOOKMARK [1][]{section.5.3}{\376\377\0005\000.\0003\000\040\000P\000r\000a\000k\000t\000i\000k\000u\000m\000\040\0002\000\040\040\024\000\040\000C\000a\000r\000a\000\040\000M\000e\000n\000u\000l\000i\000s\000\040\000C\000S\000S}{chapter.5}% 38
\BOOKMARK [1][]{section.5.4}{\376\377\0005\000.\0004\000\040\000P\000r\000a\000k\000t\000i\000k\000u\000m\000\040\0003\000\040\040\024\000\040\000S\000e\000l\000e\000c\000t\000o\000r}{chapter.5}% 39
\BOOKMARK [1][]{section.5.5}{\376\377\0005\000.\0005\000\040\000P\000r\000a\000k\000t\000i\000k\000u\000m\000\040\0004\000\040\040\024\000\040\000B\000o\000x\000\040\000M\000o\000d\000e\000l}{chapter.5}% 40
\BOOKMARK [1][]{section.5.6}{\376\377\0005\000.\0006\000\040\000P\000r\000a\000k\000t\000i\000k\000u\000m\000\040\0005\000\040\040\024\000\040\000T\000y\000p\000o\000g\000r\000a\000p\000h\000y}{chapter.5}% 41
\BOOKMARK [1][]{section.5.7}{\376\377\0005\000.\0007\000\040\000L\000a\000t\000i\000h\000a\000n\000\040\000M\000a\000n\000d\000i\000r\000i}{chapter.5}% 42
\BOOKMARK [1][]{section.5.8}{\376\377\0005\000.\0008\000\040\000H\000a\000s\000i\000l\000\040\000y\000a\000n\000g\000\040\000D\000i\000h\000a\000r\000a\000p\000k\000a\000n}{chapter.5}% 43
\BOOKMARK [1][]{section.5.9}{\376\377\0005\000.\0009\000\040\000T\000r\000o\000u\000b\000l\000e\000s\000h\000o\000o\000t\000i\000n\000g}{chapter.5}% 44
\BOOKMARK [1][]{section.5.10}{\376\377\0005\000.\0001\0000\000\040\000R\000a\000n\000g\000k\000u\000m\000a\000n}{chapter.5}% 45
\BOOKMARK [0][]{chapter.6}{\376\377\0006\000\040\000C\000S\000S\000\040\000L\000a\000y\000o\000u\000t\000:\000\040\000F\000l\000e\000x\000b\000o\000x}{}% 46
\BOOKMARK [1][]{section.6.1}{\376\377\0006\000.\0001\000\040\000P\000e\000n\000g\000a\000n\000t\000a\000r\000\040\000F\000l\000e\000x\000b\000o\000x}{chapter.6}% 47
\BOOKMARK [1][]{section.6.2}{\376\377\0006\000.\0002\000\040\000P\000r\000a\000k\000t\000i\000k\000u\000m\000\040\0001\000\040\040\024\000\040\000M\000e\000n\000y\000i\000a\000p\000k\000a\000n\000\040\000P\000r\000o\000y\000e\000k}{chapter.6}% 48
\BOOKMARK [1][]{section.6.3}{\376\377\0006\000.\0003\000\040\000P\000r\000a\000k\000t\000i\000k\000u\000m\000\040\0002\000\040\040\024\000\040\000F\000l\000e\000x\000\040\000D\000i\000r\000e\000c\000t\000i\000o\000n}{chapter.6}% 49
\BOOKMARK [1][]{section.6.4}{\376\377\0006\000.\0004\000\040\000P\000r\000a\000k\000t\000i\000k\000u\000m\000\040\0003\000\040\040\024\000\040\000J\000u\000s\000t\000i\000f\000y\000\040\000C\000o\000n\000t\000e\000n\000t\000\040\000\046\000\040\000A\000l\000i\000g\000n\000\040\000I\000t\000e\000m\000s}{chapter.6}% 50
\BOOKMARK [1][]{section.6.5}{\376\377\0006\000.\0005\000\040\000P\000r\000a\000k\000t\000i\000k\000u\000m\000\040\0004\000\040\040\024\000\040\000F\000l\000e\000x\000\040\000W\000r\000a\000p\000\040\000\046\000\040\000G\000a\000p}{chapter.6}% 51
\BOOKMARK [1][]{section.6.6}{\376\377\0006\000.\0006\000\040\000P\000r\000a\000k\000t\000i\000k\000u\000m\000\040\0005\000\040\040\024\000\040\000P\000r\000o\000p\000e\000r\000t\000i\000\040\000F\000l\000e\000x\000\040\000p\000a\000d\000a\000\040\000I\000t\000e\000m}{chapter.6}% 52
\BOOKMARK [1][]{section.6.7}{\376\377\0006\000.\0007\000\040\000P\000r\000a\000k\000t\000i\000k\000u\000m\000\040\0006\000\040\040\024\000\040\000M\000e\000m\000b\000a\000n\000g\000u\000n\000\040\000N\000a\000v\000b\000a\000r\000\040\000d\000e\000n\000g\000a\000n\000\040\000F\000l\000e\000x\000b\000o\000x}{chapter.6}% 53
\BOOKMARK [1][]{section.6.8}{\376\377\0006\000.\0008\000\040\000P\000r\000a\000k\000t\000i\000k\000u\000m\000\040\0007\000\040\040\024\000\040\000G\000a\000l\000e\000r\000i\000\040\000F\000o\000t\000o\000\040\000d\000e\000n\000g\000a\000n\000\040\000F\000l\000e\000x\000b\000o\000x}{chapter.6}% 54
\BOOKMARK [1][]{section.6.9}{\376\377\0006\000.\0009\000\040\000L\000a\000t\000i\000h\000a\000n\000\040\000M\000a\000n\000d\000i\000r\000i}{chapter.6}% 55
\BOOKMARK [1][]{section.6.10}{\376\377\0006\000.\0001\0000\000\040\000H\000a\000s\000i\000l\000\040\000y\000a\000n\000g\000\040\000D\000i\000h\000a\000r\000a\000p\000k\000a\000n}{chapter.6}% 56
\BOOKMARK [1][]{section.6.11}{\376\377\0006\000.\0001\0001\000\040\000T\000r\000o\000u\000b\000l\000e\000s\000h\000o\000o\000t\000i\000n\000g}{chapter.6}% 57
\BOOKMARK [1][]{section.6.12}{\376\377\0006\000.\0001\0002\000\040\000R\000a\000n\000g\000k\000u\000m\000a\000n}{chapter.6}% 58
\BOOKMARK [0][]{chapter.7}{\376\377\0007\000\040\000C\000S\000S\000\040\000L\000a\000y\000o\000u\000t\000:\000\040\000G\000r\000i\000d\000\040\000\046\000\040\000R\000e\000s\000p\000o\000n\000s\000i\000v\000e\000\040\000D\000e\000s\000i\000g\000n}{}% 59
\BOOKMARK [1][]{section.7.1}{\376\377\0007\000.\0001\000\040\000P\000e\000n\000g\000a\000n\000t\000a\000r\000\040\000C\000S\000S\000\040\000G\000r\000i\000d}{chapter.7}% 60
\BOOKMARK [1][]{section.7.2}{\376\377\0007\000.\0002\000\040\000P\000r\000a\000k\000t\000i\000k\000u\000m\000\040\0001\000\040\040\024\000\040\000M\000e\000n\000y\000i\000a\000p\000k\000a\000n\000\040\000P\000r\000o\000y\000e\000k}{chapter.7}% 61
\BOOKMARK [1][]{section.7.3}{\376\377\0007\000.\0003\000\040\000P\000r\000a\000k\000t\000i\000k\000u\000m\000\040\0002\000\040\040\024\000\040\000M\000e\000n\000g\000a\000t\000u\000r\000\040\000K\000o\000l\000o\000m\000\040\000d\000a\000n\000\040\000B\000a\000r\000i\000s}{chapter.7}% 62
\BOOKMARK [1][]{section.7.4}{\376\377\0007\000.\0004\000\040\000P\000r\000a\000k\000t\000i\000k\000u\000m\000\040\0003\000\040\040\024\000\040\000M\000e\000n\000e\000m\000p\000a\000t\000k\000a\000n\000\040\000I\000t\000e\000m\000\040\000d\000i\000\040\000G\000r\000i\000d}{chapter.7}% 63
\BOOKMARK [1][]{section.7.5}{\376\377\0007\000.\0005\000\040\000P\000r\000a\000k\000t\000i\000k\000u\000m\000\040\0004\000\040\040\024\000\040\000P\000e\000n\000g\000e\000n\000a\000l\000a\000n\000\040\000M\000e\000d\000i\000a\000\040\000Q\000u\000e\000r\000y}{chapter.7}% 64
\BOOKMARK [1][]{section.7.6}{\376\377\0007\000.\0006\000\040\000P\000r\000a\000k\000t\000i\000k\000u\000m\000\040\0005\000\040\040\024\000\040\000M\000o\000b\000i\000l\000e\000-\000F\000i\000r\000s\000t}{chapter.7}% 65
\BOOKMARK [1][]{section.7.7}{\376\377\0007\000.\0007\000\040\000P\000r\000a\000k\000t\000i\000k\000u\000m\000\040\0006\000\040\040\024\000\040\000M\000e\000m\000b\000u\000a\000t\000\040\000L\000a\000y\000o\000u\000t\000\040\000R\000e\000s\000p\000o\000n\000s\000i\000f\000\040\000L\000e\000n\000g\000k\000a\000p}{chapter.7}% 66
\BOOKMARK [1][]{section.7.8}{\376\377\0007\000.\0008\000\040\000L\000a\000t\000i\000h\000a\000n\000\040\000M\000a\000n\000d\000i\000r\000i}{chapter.7}% 67
\BOOKMARK [1][]{section.7.9}{\376\377\0007\000.\0009\000\040\000H\000a\000s\000i\000l\000\040\000y\000a\000n\000g\000\040\000D\000i\000h\000a\000r\000a\000p\000k\000a\000n}{chapter.7}% 68
\BOOKMARK [1][]{section.7.10}{\376\377\0007\000.\0001\0000\000\040\000T\000r\000o\000u\000b\000l\000e\000s\000h\000o\000o\000t\000i\000n\000g}{chapter.7}% 69
\BOOKMARK [1][]{section.7.11}{\376\377\0007\000.\0001\0001\000\040\000R\000a\000n\000g\000k\000u\000m\000a\000n}{chapter.7}% 70
\BOOKMARK [0][]{chapter.8}{\376\377\0008\000\040\000G\000i\000t\000\040\000\046\000\040\000G\000i\000t\000H\000u\000b\000\040\000D\000a\000s\000a\000r\000:\000\040\000I\000n\000i\000t\000,\000\040\000C\000o\000m\000m\000i\000t\000,\000\040\000P\000u\000s\000h\000,\000\040\000P\000u\000l\000l}{}% 71
\BOOKMARK [1][]{section.8.1}{\376\377\0008\000.\0001\000\040\000A\000p\000a\000\040\000i\000t\000u\000\040\000G\000i\000t\000?}{chapter.8}% 72
\BOOKMARK [1][]{section.8.2}{\376\377\0008\000.\0002\000\040\000A\000p\000a\000\040\000i\000t\000u\000\040\000G\000i\000t\000H\000u\000b\000?}{chapter.8}% 73
\BOOKMARK [1][]{section.8.3}{\376\377\0008\000.\0003\000\040\000A\000l\000u\000r\000\040\000K\000e\000r\000j\000a\000\040\000D\000a\000s\000a\000r}{chapter.8}% 74
\BOOKMARK [1][]{section.8.4}{\376\377\0008\000.\0004\000\040\000P\000r\000a\000k\000t\000i\000k\000u\000m\000\040\0001\000\040\040\024\000\040\000M\000e\000m\000e\000r\000i\000k\000s\000a\000\040\000I\000n\000s\000t\000a\000l\000a\000s\000i\000\040\000G\000i\000t}{chapter.8}% 75
\BOOKMARK [1][]{section.8.5}{\376\377\0008\000.\0005\000\040\000P\000r\000a\000k\000t\000i\000k\000u\000m\000\040\0002\000\040\040\024\000\040\000K\000o\000n\000f\000i\000g\000u\000r\000a\000s\000i\000\040\000G\000i\000t}{chapter.8}% 76
\BOOKMARK [1][]{section.8.6}{\376\377\0008\000.\0006\000\040\000P\000r\000a\000k\000t\000i\000k\000u\000m\000\040\0003\000\040\040\024\000\040\000I\000n\000i\000s\000i\000a\000l\000i\000s\000a\000s\000i\000\040\000R\000e\000p\000o\000s\000i\000t\000o\000r\000y}{chapter.8}% 77
\BOOKMARK [1][]{section.8.7}{\376\377\0008\000.\0007\000\040\000P\000r\000a\000k\000t\000i\000k\000u\000m\000\040\0004\000\040\040\024\000\040\000M\000e\000m\000b\000u\000a\000t\000\040\000F\000i\000l\000e\000\040\000.\000g\000i\000t\000i\000g\000n\000o\000r\000e}{chapter.8}% 78
\BOOKMARK [1][]{section.8.8}{\376\377\0008\000.\0008\000\040\000P\000r\000a\000k\000t\000i\000k\000u\000m\000\040\0005\000\040\040\024\000\040\000C\000o\000m\000m\000i\000t\000\040\000P\000e\000r\000t\000a\000m\000a}{chapter.8}% 79
\BOOKMARK [1][]{section.8.9}{\376\377\0008\000.\0009\000\040\000P\000r\000a\000k\000t\000i\000k\000u\000m\000\040\0006\000\040\040\024\000\040\000M\000e\000m\000b\000u\000a\000t\000\040\000R\000e\000p\000o\000s\000i\000t\000o\000r\000y\000\040\000d\000i\000\040\000G\000i\000t\000H\000u\000b}{chapter.8}% 80
\BOOKMARK [1][]{section.8.10}{\376\377\0008\000.\0001\0000\000\040\000P\000r\000a\000k\000t\000i\000k\000u\000m\000\040\0007\000\040\040\024\000\040\000M\000e\000n\000g\000h\000u\000b\000u\000n\000g\000k\000a\000n\000\040\000d\000a\000n\000\040\000P\000u\000s\000h}{chapter.8}% 81
\BOOKMARK [1][]{section.8.11}{\376\377\0008\000.\0001\0001\000\040\000P\000r\000a\000k\000t\000i\000k\000u\000m\000\040\0008\000\040\040\024\000\040\000M\000e\000n\000g\000u\000b\000a\000h\000\040\000F\000i\000l\000e\000\040\000d\000a\000n\000\040\000C\000o\000m\000m\000i\000t\000\040\000L\000a\000g\000i}{chapter.8}% 82
\BOOKMARK [1][]{section.8.12}{\376\377\0008\000.\0001\0002\000\040\000P\000r\000a\000k\000t\000i\000k\000u\000m\000\040\0009\000\040\040\024\000\040\000P\000u\000l\000l\000\040\000\050\000M\000e\000n\000g\000a\000m\000b\000i\000l\000\040\000P\000e\000r\000u\000b\000a\000h\000a\000n\000\051}{chapter.8}% 83
\BOOKMARK [1][]{section.8.13}{\376\377\0008\000.\0001\0003\000\040\000L\000a\000t\000i\000h\000a\000n\000\040\000M\000a\000n\000d\000i\000r\000i}{chapter.8}% 84
\BOOKMARK [1][]{section.8.14}{\376\377\0008\000.\0001\0004\000\040\000H\000a\000s\000i\000l\000\040\000y\000a\000n\000g\000\040\000D\000i\000h\000a\000r\000a\000p\000k\000a\000n}{chapter.8}% 85
\BOOKMARK [1][]{section.8.15}{\376\377\0008\000.\0001\0005\000\040\000T\000r\000o\000u\000b\000l\000e\000s\000h\000o\000o\000t\000i\000n\000g}{chapter.8}% 86
\BOOKMARK [1][]{section.8.16}{\376\377\0008\000.\0001\0006\000\040\000R\000a\000n\000g\000k\000u\000m\000a\000n}{chapter.8}% 87
\BOOKMARK [0][]{chapter.9}{\376\377\0009\000\040\000G\000i\000t\000H\000u\000b\000\040\000K\000o\000l\000a\000b\000o\000r\000a\000s\000i\000:\000\040\000B\000r\000a\000n\000c\000h\000,\000\040\000P\000u\000l\000l\000\040\000R\000e\000q\000u\000e\000s\000t\000,\000\040\000G\000i\000t\000H\000u\000b\000\040\000P\000a\000g\000e\000s}{}% 88
\BOOKMARK [1][]{section.9.1}{\376\377\0009\000.\0001\000\040\000A\000p\000a\000\040\000i\000t\000u\000\040\000B\000r\000a\000n\000c\000h\000?}{chapter.9}% 89
\BOOKMARK [1][]{section.9.2}{\376\377\0009\000.\0002\000\040\000A\000p\000a\000\040\000i\000t\000u\000\040\000P\000u\000l\000l\000\040\000R\000e\000q\000u\000e\000s\000t\000\040\000\050\000P\000R\000\051\000?}{chapter.9}% 90
\BOOKMARK [1][]{section.9.3}{\376\377\0009\000.\0003\000\040\000A\000p\000a\000\040\000i\000t\000u\000\040\000G\000i\000t\000H\000u\000b\000\040\000P\000a\000g\000e\000s\000?}{chapter.9}% 91
\BOOKMARK [1][]{section.9.4}{\376\377\0009\000.\0004\000\040\000P\000r\000a\000k\000t\000i\000k\000u\000m\000\040\0001\000\040\040\024\000\040\000M\000e\000m\000b\000u\000a\000t\000\040\000B\000r\000a\000n\000c\000h}{chapter.9}% 92
\BOOKMARK [1][]{section.9.5}{\376\377\0009\000.\0005\000\040\000P\000r\000a\000k\000t\000i\000k\000u\000m\000\040\0002\000\040\040\024\000\040\000B\000e\000k\000e\000r\000j\000a\000\040\000d\000i\000\040\000B\000r\000a\000n\000c\000h\000\040\000B\000a\000r\000u}{chapter.9}% 93
\BOOKMARK [1][]{section.9.6}{\376\377\0009\000.\0006\000\040\000P\000r\000a\000k\000t\000i\000k\000u\000m\000\040\0003\000\040\040\024\000\040\000M\000e\000n\000g\000g\000a\000b\000u\000n\000g\000k\000a\000n\000\040\000B\000r\000a\000n\000c\000h\000\040\000\050\000M\000e\000r\000g\000e\000\051}{chapter.9}% 94
\BOOKMARK [1][]{section.9.7}{\376\377\0009\000.\0007\000\040\000P\000r\000a\000k\000t\000i\000k\000u\000m\000\040\0004\000\040\040\024\000\040\000P\000u\000s\000h\000\040\000B\000r\000a\000n\000c\000h\000\040\000k\000e\000\040\000G\000i\000t\000H\000u\000b}{chapter.9}% 95
\BOOKMARK [1][]{section.9.8}{\376\377\0009\000.\0008\000\040\000P\000r\000a\000k\000t\000i\000k\000u\000m\000\040\0005\000\040\040\024\000\040\000M\000e\000m\000b\000u\000a\000t\000\040\000P\000u\000l\000l\000\040\000R\000e\000q\000u\000e\000s\000t\000\040\000\050\000P\000R\000\051}{chapter.9}% 96
\BOOKMARK [1][]{section.9.9}{\376\377\0009\000.\0009\000\040\000P\000r\000a\000k\000t\000i\000k\000u\000m\000\040\0006\000\040\040\024\000\040\000M\000e\000r\000g\000e\000\040\000P\000u\000l\000l\000\040\000R\000e\000q\000u\000e\000s\000t}{chapter.9}% 97
\BOOKMARK [1][]{section.9.10}{\376\377\0009\000.\0001\0000\000\040\000P\000r\000a\000k\000t\000i\000k\000u\000m\000\040\0007\000\040\040\024\000\040\000M\000e\000n\000y\000i\000a\000p\000k\000a\000n\000\040\000G\000i\000t\000H\000u\000b\000\040\000P\000a\000g\000e\000s}{chapter.9}% 98
\BOOKMARK [1][]{section.9.11}{\376\377\0009\000.\0001\0001\000\040\000P\000r\000a\000k\000t\000i\000k\000u\000m\000\040\0008\000\040\040\024\000\040\000M\000e\000m\000p\000e\000r\000b\000a\000r\000u\000i\000\040\000W\000e\000b\000s\000i\000t\000e\000\040\000d\000i\000\040\000G\000i\000t\000H\000u\000b\000\040\000P\000a\000g\000e\000s}{chapter.9}% 99
\BOOKMARK [1][]{section.9.12}{\376\377\0009\000.\0001\0002\000\040\000L\000a\000t\000i\000h\000a\000n\000\040\000M\000a\000n\000d\000i\000r\000i}{chapter.9}% 100
\BOOKMARK [1][]{section.9.13}{\376\377\0009\000.\0001\0003\000\040\000H\000a\000s\000i\000l\000\040\000y\000a\000n\000g\000\040\000D\000i\000h\000a\000r\000a\000p\000k\000a\000n}{chapter.9}% 101
\BOOKMARK [1][]{section.9.14}{\376\377\0009\000.\0001\0004\000\040\000T\000r\000o\000u\000b\000l\000e\000s\000h\000o\000o\000t\000i\000n\000g}{chapter.9}% 102
\BOOKMARK [1][]{section.9.15}{\376\377\0009\000.\0001\0005\000\040\000R\000a\000n\000g\000k\000u\000m\000a\000n}{chapter.9}% 103
\BOOKMARK [0][]{chapter.10}{\376\377\0001\0000\000\040\000J\000a\000v\000a\000S\000c\000r\000i\000p\000t\000\040\000D\000a\000s\000a\000r\000:\000\040\000V\000a\000r\000i\000a\000b\000e\000l\000,\000\040\000F\000u\000n\000g\000s\000i\000,\000\040\000K\000o\000n\000d\000i\000s\000i\000\040\000\046\000\040\000D\000O\000M\000\040\000S\000e\000l\000e\000c\000t\000i\000o\000n}{}% 104
\BOOKMARK [1][]{section.10.1}{\376\377\0001\0000\000.\0001\000\040\000P\000e\000r\000s\000i\000a\000p\000a\000n}{chapter.10}% 105
\BOOKMARK [1][]{section.10.2}{\376\377\0001\0000\000.\0002\000\040\000M\000e\000n\000u\000l\000i\000s\000\040\000S\000k\000r\000i\000p\000\040\000P\000e\000r\000t\000a\000m\000a}{chapter.10}% 106
\BOOKMARK [1][]{section.10.3}{\376\377\0001\0000\000.\0003\000\040\000V\000a\000r\000i\000a\000b\000e\000l\000\040\000\046\000\040\000T\000i\000p\000e\000\040\000D\000a\000t\000a}{chapter.10}% 107
\BOOKMARK [1][]{section.10.4}{\376\377\0001\0000\000.\0004\000\040\000F\000u\000n\000g\000s\000i}{chapter.10}% 108
\BOOKMARK [1][]{section.10.5}{\376\377\0001\0000\000.\0005\000\040\000K\000o\000n\000d\000i\000s\000i\000\040\000\050\000I\000f\000/\000E\000l\000s\000e\000\051}{chapter.10}% 109
\BOOKMARK [1][]{section.10.6}{\376\377\0001\0000\000.\0006\000\040\000D\000O\000M\000\040\000S\000e\000l\000e\000c\000t\000i\000o\000n}{chapter.10}% 110
\BOOKMARK [1][]{section.10.7}{\376\377\0001\0000\000.\0007\000\040\000L\000a\000t\000i\000h\000a\000n}{chapter.10}% 111
\BOOKMARK [1][]{section.10.8}{\376\377\0001\0000\000.\0008\000\040\000T\000r\000o\000u\000b\000l\000e\000s\000h\000o\000o\000t\000i\000n\000g}{chapter.10}% 112
\BOOKMARK [0][]{chapter.11}{\376\377\0001\0001\000\040\000J\000a\000v\000a\000S\000c\000r\000i\000p\000t\000:\000\040\000E\000v\000e\000n\000t\000\040\000H\000a\000n\000d\000l\000i\000n\000g\000\040\000\046\000\040\000M\000a\000n\000i\000p\000u\000l\000a\000s\000i\000\040\000D\000O\000M}{}% 113
\BOOKMARK [1][]{section.11.1}{\376\377\0001\0001\000.\0001\000\040\000E\000v\000e\000n\000t\000\040\000H\000a\000n\000d\000l\000i\000n\000g\000:\000\040\000o\000n\000c\000l\000i\000c\000k\000\040\000\046\000\040\000a\000d\000d\000E\000v\000e\000n\000t\000L\000i\000s\000t\000e\000n\000e\000r}{chapter.11}% 114
\BOOKMARK [1][]{section.11.2}{\376\377\0001\0001\000.\0002\000\040\000E\000v\000e\000n\000t\000\040\000p\000a\000d\000a\000\040\000F\000o\000r\000m\000\040\000\046\000\040\000I\000n\000p\000u\000t}{chapter.11}% 115
\BOOKMARK [1][]{section.11.3}{\376\377\0001\0001\000.\0003\000\040\000M\000a\000n\000i\000p\000u\000l\000a\000s\000i\000\040\000D\000O\000M\000:\000\040\000M\000e\000n\000g\000u\000b\000a\000h\000\040\000K\000o\000n\000t\000e\000n}{chapter.11}% 116
\BOOKMARK [1][]{section.11.4}{\376\377\0001\0001\000.\0004\000\040\000M\000a\000n\000i\000p\000u\000l\000a\000s\000i\000\040\000D\000O\000M\000:\000\040\000M\000e\000m\000b\000u\000a\000t\000\040\000\046\000\040\000M\000e\000n\000g\000h\000a\000p\000u\000s\000\040\000E\000l\000e\000m\000e\000n}{chapter.11}% 117
\BOOKMARK [1][]{section.11.5}{\376\377\0001\0001\000.\0005\000\040\000M\000i\000n\000i\000\040\000P\000r\000o\000y\000e\000k\000:\000\040\000T\000o\000g\000g\000l\000e\000\040\000M\000e\000n\000u\000\040\000M\000o\000b\000i\000l\000e}{chapter.11}% 118
\BOOKMARK [1][]{section.11.6}{\376\377\0001\0001\000.\0006\000\040\000L\000a\000t\000i\000h\000a\000n}{chapter.11}% 119
\BOOKMARK [1][]{section.11.7}{\376\377\0001\0001\000.\0007\000\040\000T\000r\000o\000u\000b\000l\000e\000s\000h\000o\000o\000t\000i\000n\000g}{chapter.11}% 120
\BOOKMARK [0][]{chapter.12}{\376\377\0001\0002\000\040\000P\000e\000n\000g\000e\000n\000a\000l\000a\000n\000\040\000T\000a\000i\000l\000w\000i\000n\000d\000\040\000C\000S\000S}{}% 121
\BOOKMARK [1][]{section.12.1}{\376\377\0001\0002\000.\0001\000\040\000K\000o\000n\000s\000e\000p\000:\000\040\000A\000p\000a\000\040\000I\000t\000u\000\040\000T\000a\000i\000l\000w\000i\000n\000d\000\040\000C\000S\000S\000?}{chapter.12}% 122
\BOOKMARK [1][]{section.12.2}{\376\377\0001\0002\000.\0002\000\040\000S\000e\000t\000u\000p\000\040\000T\000a\000i\000l\000w\000i\000n\000d\000\040\000d\000i\000\040\000P\000r\000o\000y\000e\000k}{chapter.12}% 123
\BOOKMARK [1][]{section.12.3}{\376\377\0001\0002\000.\0003\000\040\000E\000k\000s\000p\000l\000o\000r\000a\000s\000i\000\040\000U\000t\000i\000l\000i\000t\000y\000\040\000C\000l\000a\000s\000s\000\040\000D\000a\000s\000a\000r}{chapter.12}% 124
\BOOKMARK [1][]{section.12.4}{\376\377\0001\0002\000.\0004\000\040\000K\000o\000n\000v\000e\000r\000s\000i\000:\000\040\000C\000S\000S\000\040\000M\000a\000n\000u\000a\000l\000\040\000k\000e\000\040\000T\000a\000i\000l\000w\000i\000n\000d}{chapter.12}% 125
\BOOKMARK [1][]{section.12.5}{\376\377\0001\0002\000.\0005\000\040\000L\000a\000y\000o\000u\000t\000\040\000d\000e\000n\000g\000a\000n\000\040\000T\000a\000i\000l\000w\000i\000n\000d\000:\000\040\000F\000l\000e\000x\000b\000o\000x\000\040\000\046\000\040\000G\000r\000i\000d}{chapter.12}% 126
\BOOKMARK [1][]{section.12.6}{\376\377\0001\0002\000.\0006\000\040\000L\000a\000t\000i\000h\000a\000n}{chapter.12}% 127
\BOOKMARK [1][]{section.12.7}{\376\377\0001\0002\000.\0007\000\040\000T\000r\000o\000u\000b\000l\000e\000s\000h\000o\000o\000t\000i\000n\000g}{chapter.12}% 128
\BOOKMARK [0][]{chapter.13}{\376\377\0001\0003\000\040\000P\000e\000n\000g\000e\000n\000a\000l\000a\000n\000\040\000R\000e\000a\000c\000t\000:\000\040\000K\000o\000m\000p\000o\000n\000e\000n\000,\000\040\000J\000S\000X\000\040\000\046\000\040\000P\000r\000o\000p\000s}{}% 129
\BOOKMARK [1][]{section.13.1}{\376\377\0001\0003\000.\0001\000\040\000M\000e\000n\000g\000a\000p\000a\000\040\000R\000e\000a\000c\000t\000?}{chapter.13}% 130
\BOOKMARK [1][]{section.13.2}{\376\377\0001\0003\000.\0002\000\040\000M\000e\000m\000b\000a\000c\000a\000\040\000K\000o\000d\000e\000\040\000R\000e\000a\000c\000t\000\040\000\050\000T\000a\000n\000p\000a\000\040\000M\000e\000n\000j\000a\000l\000a\000n\000k\000a\000n\000\051}{chapter.13}% 131
\BOOKMARK [1][]{section.13.3}{\376\377\0001\0003\000.\0003\000\040\000J\000S\000X\000:\000\040\000H\000T\000M\000L\000\040\000y\000a\000n\000g\000\040\000`\000`\000B\000i\000s\000a\000\040\000D\000i\000k\000o\000d\000e\000'\000'}{chapter.13}% 132
\BOOKMARK [1][]{section.13.4}{\376\377\0001\0003\000.\0004\000\040\000K\000o\000m\000p\000o\000n\000e\000n\000:\000\040\000B\000l\000o\000k\000\040\000B\000a\000n\000g\000u\000n\000a\000n\000\040\000U\000I}{chapter.13}% 133
\BOOKMARK [1][]{section.13.5}{\376\377\0001\0003\000.\0005\000\040\000P\000r\000o\000p\000s\000:\000\040\000M\000e\000n\000g\000i\000r\000i\000m\000\040\000D\000a\000t\000a\000\040\000k\000e\000\040\000K\000o\000m\000p\000o\000n\000e\000n}{chapter.13}% 134
\BOOKMARK [1][]{section.13.6}{\376\377\0001\0003\000.\0006\000\040\000D\000e\000m\000o\000\040\000L\000e\000n\000g\000k\000a\000p\000:\000\040\000M\000e\000m\000b\000a\000c\000a\000\040\000\046\000\040\000M\000e\000m\000a\000h\000a\000m\000i\000\040\000K\000o\000d\000e\000\040\000R\000e\000a\000c\000t}{chapter.13}% 135
\BOOKMARK [1][]{section.13.7}{\376\377\0001\0003\000.\0007\000\040\000L\000a\000t\000i\000h\000a\000n}{chapter.13}% 136
\BOOKMARK [1][]{section.13.8}{\376\377\0001\0003\000.\0008\000\040\000T\000r\000o\000u\000b\000l\000e\000s\000h\000o\000o\000t\000i\000n\000g\000\040\000\046\000\040\000C\000a\000t\000a\000t\000a\000n}{chapter.13}% 137
\BOOKMARK [0][]{chapter.14}{\376\377\0001\0004\000\040\000W\000o\000r\000k\000s\000h\000o\000p\000\040\000P\000r\000o\000y\000e\000k\000\040\000A\000k\000h\000i\000r\000\040\040\024\000\040\000R\000i\000s\000e\000t\000\040\000U\000I\000/\000U\000X\000\040\000\046\000\040\000P\000e\000r\000e\000n\000c\000a\000n\000a\000a\000n\000\040\000D\000e\000s\000a\000i\000n}{}% 138
\BOOKMARK [1][]{section.14.1}{\376\377\0001\0004\000.\0001\000\040\000P\000e\000r\000s\000i\000a\000p\000a\000n\000\040\000K\000e\000l\000o\000m\000p\000o\000k}{chapter.14}% 139
\BOOKMARK [1][]{section.14.2}{\376\377\0001\0004\000.\0002\000\040\000I\000d\000e\000n\000t\000i\000f\000i\000k\000a\000s\000i\000\040\000W\000e\000b\000s\000i\000t\000e\000\040\000T\000a\000r\000g\000e\000t}{chapter.14}% 140
\BOOKMARK [1][]{section.14.3}{\376\377\0001\0004\000.\0003\000\040\000H\000e\000u\000r\000i\000s\000t\000i\000c\000\040\000E\000v\000a\000l\000u\000a\000t\000i\000o\000n}{chapter.14}% 141
\BOOKMARK [1][]{section.14.4}{\376\377\0001\0004\000.\0004\000\040\000B\000e\000n\000c\000h\000m\000a\000r\000k\000i\000n\000g\000\040\000S\000i\000n\000g\000k\000a\000t}{chapter.14}% 142
\BOOKMARK [1][]{section.14.5}{\376\377\0001\0004\000.\0005\000\040\000P\000e\000r\000e\000n\000c\000a\000n\000a\000a\000n\000\040\000D\000e\000s\000a\000i\000n\000\040\000d\000i\000\040\000F\000i\000g\000m\000a}{chapter.14}% 143
\BOOKMARK [1][]{section.14.6}{\376\377\0001\0004\000.\0006\000\040\000C\000o\000m\000m\000i\000t\000\040\000d\000a\000n\000\040\000P\000u\000s\000h}{chapter.14}% 144
\BOOKMARK [1][]{section.14.7}{\376\377\0001\0004\000.\0007\000\040\000O\000u\000t\000p\000u\000t\000\040\000y\000a\000n\000g\000\040\000D\000i\000h\000a\000r\000a\000p\000k\000a\000n}{chapter.14}% 145
\BOOKMARK [1][]{section.14.8}{\376\377\0001\0004\000.\0008\000\040\000T\000r\000o\000u\000b\000l\000e\000s\000h\000o\000o\000t\000i\000n\000g}{chapter.14}% 146
\BOOKMARK [1][]{section.14.9}{\376\377\0001\0004\000.\0009\000\040\000T\000a\000u\000t\000a\000n\000\040\000R\000e\000f\000e\000r\000e\000n\000s\000i}{chapter.14}% 147
\BOOKMARK [1][]{section.14.10}{\376\377\0001\0004\000.\0001\0000\000\040\000P\000e\000r\000s\000i\000a\000p\000a\000n\000\040\000u\000n\000t\000u\000k\000\040\000M\000i\000n\000g\000g\000u\000\040\0001\0005}{chapter.14}% 148
\BOOKMARK [1][]{section.14.11}{\376\377\0001\0004\000.\0001\0001\000\040\000L\000a\000t\000i\000h\000a\000n\000\040\000M\000a\000n\000d\000i\000r\000i}{chapter.14}% 149
\BOOKMARK [0][]{chapter.15}{\376\377\0001\0005\000\040\000W\000o\000r\000k\000s\000h\000o\000p\000\040\000P\000r\000o\000y\000e\000k\000\040\000A\000k\000h\000i\000r\000\040\040\024\000\040\000I\000m\000p\000l\000e\000m\000e\000n\000t\000a\000s\000i\000,\000\040\000D\000e\000p\000l\000o\000y\000m\000e\000n\000t\000\040\000\046\000\040\000P\000r\000o\000g\000r\000e\000s\000s\000\040\000C\000l\000i\000n\000i\000c}{}% 150
\BOOKMARK [1][]{section.15.1}{\376\377\0001\0005\000.\0001\000\040\000P\000e\000r\000a\000l\000a\000t\000a\000n\000\040\000y\000a\000n\000g\000\040\000D\000i\000b\000u\000t\000u\000h\000k\000a\000n}{chapter.15}% 151
\BOOKMARK [1][]{section.15.2}{\376\377\0001\0005\000.\0002\000\040\000S\000y\000n\000c\000h\000r\000o\000n\000i\000s\000a\000s\000i\000\040\000R\000e\000p\000o\000s\000i\000t\000o\000r\000y}{chapter.15}% 152
\BOOKMARK [1][]{section.15.3}{\376\377\0001\0005\000.\0003\000\040\000I\000m\000p\000l\000e\000m\000e\000n\000t\000a\000s\000i\000\040\000H\000a\000l\000a\000m\000a\000n\000\040\000U\000t\000a\000m\000a}{chapter.15}% 153
\BOOKMARK [1][]{section.15.4}{\376\377\0001\0005\000.\0004\000\040\000S\000e\000s\000i\000\040\000C\000l\000i\000n\000i\000c\000\040\000/\000\040\000M\000e\000n\000t\000o\000r\000i\000n\000g}{chapter.15}% 154
\BOOKMARK [1][]{section.15.5}{\376\377\0001\0005\000.\0005\000\040\000D\000e\000p\000l\000o\000y\000m\000e\000n\000t\000\040\000k\000e\000\040\000G\000i\000t\000H\000u\000b\000\040\000P\000a\000g\000e\000s}{chapter.15}% 155
\BOOKMARK [1][]{section.15.6}{\376\377\0001\0005\000.\0006\000\040\000T\000r\000o\000u\000b\000l\000e\000s\000h\000o\000o\000t\000i\000n\000g\000\040\000D\000e\000p\000l\000o\000y\000m\000e\000n\000t}{chapter.15}% 156
\BOOKMARK [1][]{section.15.7}{\376\377\0001\0005\000.\0007\000\040\000T\000r\000o\000u\000b\000l\000e\000s\000h\000o\000o\000t\000i\000n\000g\000\040\000U\000m\000u\000m}{chapter.15}% 157
\BOOKMARK [1][]{section.15.8}{\376\377\0001\0005\000.\0008\000\040\000P\000e\000r\000s\000i\000a\000p\000a\000n\000\040\000P\000r\000e\000s\000e\000n\000t\000a\000s\000i}{chapter.15}% 158
\BOOKMARK [1][]{section.15.9}{\376\377\0001\0005\000.\0009\000\040\000F\000i\000n\000a\000l\000\040\000C\000o\000m\000m\000i\000t\000\040\000d\000a\000n\000\040\000D\000o\000c\000u\000m\000e\000n\000t\000a\000t\000i\000o\000n}{chapter.15}% 159
\BOOKMARK [1][]{section.15.10}{\376\377\0001\0005\000.\0001\0000\000\040\000P\000a\000n\000d\000u\000a\000n\000\040\000A\000g\000e\000n\000t\000i\000c\000\040\000C\000o\000d\000i\000n\000g\000\040\000T\000o\000o\000l\000s\000\040\000\050\000O\000p\000s\000i\000o\000n\000a\000l\000\051}{chapter.15}% 160
\BOOKMARK [1][]{section.15.11}{\376\377\0001\0005\000.\0001\0001\000\040\000O\000u\000t\000p\000u\000t\000\040\000y\000a\000n\000g\000\040\000D\000i\000h\000a\000r\000a\000p\000k\000a\000n}{chapter.15}% 161
\BOOKMARK [1][]{section.15.12}{\376\377\0001\0005\000.\0001\0002\000\040\000T\000a\000u\000t\000a\000n\000\040\000R\000e\000f\000e\000r\000e\000n\000s\000i}{chapter.15}% 162
\BOOKMARK [1][]{section.15.13}{\376\377\0001\0005\000.\0001\0003\000\040\000P\000e\000r\000s\000i\000a\000p\000a\000n\000\040\000u\000n\000t\000u\000k\000\040\000M\000i\000n\000g\000g\000u\000\040\0001\0006\000\040\000\050\000P\000r\000e\000s\000e\000n\000t\000a\000s\000i\000\051}{chapter.15}% 163
\BOOKMARK [1][]{section.15.14}{\376\377\0001\0005\000.\0001\0004\000\040\000L\000a\000t\000i\000h\000a\000n\000\040\000M\000a\000n\000d\000i\000r\000i}{chapter.15}% 164
\BOOKMARK [0][]{chapter.16}{\376\377\0001\0006\000\040\000P\000r\000e\000s\000e\000n\000t\000a\000s\000i\000,\000\040\000R\000e\000f\000l\000e\000k\000s\000i\000\040\000\046\000\040\000F\000i\000n\000a\000l\000i\000s\000a\000s\000i\000\040\000P\000r\000o\000y\000e\000k\000\040\000A\000k\000h\000i\000r}{}% 165
\BOOKMARK [1][]{section.16.1}{\376\377\0001\0006\000.\0001\000\040\000P\000e\000r\000a\000l\000a\000t\000a\000n\000\040\000y\000a\000n\000g\000\040\000D\000i\000b\000u\000t\000u\000h\000k\000a\000n}{chapter.16}% 166
\BOOKMARK [1][]{section.16.2}{\376\377\0001\0006\000.\0002\000\040\000P\000e\000r\000s\000i\000a\000p\000a\000n\000\040\000S\000e\000b\000e\000l\000u\000m\000\040\000P\000r\000e\000s\000e\000n\000t\000a\000s\000i}{chapter.16}% 167
\BOOKMARK [1][]{section.16.3}{\376\377\0001\0006\000.\0003\000\040\000P\000r\000e\000s\000e\000n\000t\000a\000s\000i\000\040\000K\000e\000l\000o\000m\000p\000o\000k}{chapter.16}% 168
\BOOKMARK [1][]{section.16.4}{\376\377\0001\0006\000.\0004\000\040\000T\000a\000n\000y\000a\000-\000J\000a\000w\000a\000b\000\040\000I\000n\000d\000i\000v\000i\000d\000u\000a\000l}{chapter.16}% 169
\BOOKMARK [1][]{section.16.5}{\376\377\0001\0006\000.\0005\000\040\000R\000e\000f\000l\000e\000k\000s\000i\000\040\000I\000n\000d\000i\000v\000i\000d\000u}{chapter.16}% 170
\BOOKMARK [1][]{section.16.6}{\376\377\0001\0006\000.\0006\000\040\000F\000i\000n\000a\000l\000i\000s\000a\000s\000i\000\040\000R\000e\000p\000o\000s\000i\000t\000o\000r\000y}{chapter.16}% 171
\BOOKMARK [1][]{section.16.7}{\376\377\0001\0006\000.\0007\000\040\000S\000t\000r\000u\000k\000t\000u\000r\000\040\000R\000e\000p\000o\000s\000i\000t\000o\000r\000y\000\040\000F\000i\000n\000a\000l}{chapter.16}% 172
\BOOKMARK [1][]{section.16.8}{\376\377\0001\0006\000.\0008\000\040\000D\000e\000l\000i\000v\000e\000r\000a\000b\000l\000e\000\040\000A\000k\000h\000i\000r\000\040\000P\000r\000o\000y\000e\000k}{chapter.16}% 173
\BOOKMARK [1][]{section.16.9}{\376\377\0001\0006\000.\0009\000\040\000T\000r\000o\000u\000b\000l\000e\000s\000h\000o\000o\000t\000i\000n\000g}{chapter.16}% 174
\BOOKMARK [1][]{section.16.10}{\376\377\0001\0006\000.\0001\0000\000\040\000T\000a\000u\000t\000a\000n\000\040\000R\000e\000f\000e\000r\000e\000n\000s\000i}{chapter.16}% 175
\BOOKMARK [1][]{section.16.11}{\376\377\0001\0006\000.\0001\0001\000\040\000L\000a\000t\000i\000h\000a\000n\000\040\000M\000a\000n\000d\000i\000r\000i}{chapter.16}% 176
