This is pdfTeX, Version 3.141592653-2.6-1.40.29 (MiKTeX 26.5) (preloaded format=pdflatex 2026.9.5)  6 SEP 2026 18:17
entering extended mode
 restricted \write18 enabled.
 file:line:error style messages enabled.
 %&-line parsing enabled.
**c:/Users/barof/Desktop/bukudesainweb/buku-kelompok-sembilan-Akbar/book/main.tex
(c:/Users/barof/Desktop/bukudesainweb/buku-kelompok-sembilan-Akbar/book/main.tex
LaTeX2e <2026-06-01>
L3 programming layer <2026-08-10>
(elegantbook.cls
Document Class: elegantbook 2026/05/01 v4.7 ElegantBook document class
(C:\Users\barof\AppData\Local\Programs\MiKTeX\tex/latex/kvoptions\kvoptions.sty
Package: kvoptions 2022-06-15 v3.15 Key value format for package options (HO)
 (C:\Users\barof\AppData\Local\Programs\MiKTeX\tex/latex/graphics\keyval.sty
Package: keyval 2026-05-17 v1.15 key=value parser (DPC)
\KV@toks@=\toks17
) (C:\Users\barof\AppData\Local\Programs\MiKTeX\tex/generic/ltxcmds\ltxcmds.sty
Package: ltxcmds 2023-12-04 v1.26 LaTeX kernel commands for general use (HO)
) (C:\Users\barof\AppData\Local\Programs\MiKTeX\tex/latex/kvsetkeys\kvsetkeys.sty
Package: kvsetkeys 2022-10-05 v1.19 Key value parser (HO)
)) (C:\Users\barof\AppData\Local\Programs\MiKTeX\tex/latex/etoolbox\etoolbox.sty
Package: etoolbox 2025/10/02 v2.5m e-TeX tools for LaTeX (JAW)
\etb@tempcnta=\count276
) (C:\Users\barof\AppData\Local\Programs\MiKTeX\tex/latex/base\book.cls
Document Class: book 2025/01/22 v1.4n Standard LaTeX document class
(C:\Users\barof\AppData\Local\Programs\MiKTeX\tex/latex/base\bk11.clo
File: bk11.clo 2025/01/22 v1.4n Standard LaTeX file (size option)
)
\c@part=\count277
\c@chapter=\count278
\c@section=\count279
\c@subsection=\count280
\c@subsubsection=\count281
\c@paragraph=\count282
\c@subparagraph=\count283
\c@figure=\count284
\c@table=\count285
\abovecaptionskip=\skip49
\belowcaptionskip=\skip50
\bibindent=\dimen150
) (C:\Users\barof\AppData\Local\Programs\MiKTeX\tex/latex/setspace\setspace.sty
Package: setspace 2022/12/04 v6.7b set line spacing
) (C:\Users\barof\AppData\Local\Programs\MiKTeX\tex/latex/csquotes\csquotes.sty
Package: csquotes 2026-05-19 v5.2p context-sensitive quotations (JAW)
\csq@reset=\count286
\csq@gtype=\count287
\csq@glevel=\count288
\csq@qlevel=\count289
\csq@maxlvl=\count290
\csq@tshold=\count291
\csq@ltx@everypar=\toks18
 (C:\Users\barof\AppData\Local\Programs\MiKTeX\tex/latex/csquotes\csquotes.def
File: csquotes.def 2026-05-19 v5.2p csquotes generic definitions (JAW)
)
Package csquotes Info: Trying to load configuration file 'csquotes.cfg'...
Package csquotes Info: ... configuration file loaded successfully.
 (C:\Users\barof\AppData\Local\Programs\MiKTeX\tex/latex/csquotes\csquotes.cfg
File: csquotes.cfg 
)) (C:\Users\barof\AppData\Local\Programs\MiKTeX\tex/latex/hyperref\hyperref.sty
Package: hyperref 2026-06-17 v7.01r Hypertext links for LaTeX
 (C:\Users\barof\AppData\Local\Programs\MiKTeX\tex/generic/iftex\iftex.sty
Package: iftex 2024/12/12 v1.0g TeX engine tests
) (C:\Users\barof\AppData\Local\Programs\MiKTeX\tex/generic/kvdefinekeys\kvdefinekeys.sty
Package: kvdefinekeys 2019-12-19 v1.6 Define keys (HO)
) (C:\Users\barof\AppData\Local\Programs\MiKTeX\tex/generic/pdfescape\pdfescape.sty
Package: pdfescape 2019/12/09 v1.15 Implements pdfTeX's escape features (HO)
 (C:\Users\barof\AppData\Local\Programs\MiKTeX\tex/generic/pdftexcmds\pdftexcmds.sty
Package: pdftexcmds 2020-06-27 v0.33 Utility functions of pdfTeX for LuaTeX (HO)
 (C:\Users\barof\AppData\Local\Programs\MiKTeX\tex/generic/infwarerr\infwarerr.sty
Package: infwarerr 2019/12/03 v1.5 Providing info/warning/error messages (HO)
)
Package pdftexcmds Info: \pdf@primitive is available.
Package pdftexcmds Info: \pdf@ifprimitive is available.
Package pdftexcmds Info: \pdfdraftmode found.
)) (C:\Users\barof\AppData\Local\Programs\MiKTeX\tex/latex/hycolor\hycolor.sty
Package: hycolor 2020-01-27 v1.10 Color options for hyperref/bookmark (HO)
) (C:\Users\barof\AppData\Local\Programs\MiKTeX\tex/latex/hyperref\nameref.sty
Package: nameref 2026-01-29 v2.58 Cross-referencing by name of section
 (C:\Users\barof\AppData\Local\Programs\MiKTeX\tex/latex/refcount\refcount.sty
Package: refcount 2019/12/15 v3.6 Data extraction from label references (HO)
) (C:\Users\barof\AppData\Local\Programs\MiKTeX\tex/generic/gettitlestring\gettitlestring.sty
Package: gettitlestring 2019/12/15 v1.6 Cleanup title references (HO)
)
\c@section@level=\count292
) (C:\Users\barof\AppData\Local\Programs\MiKTeX\tex/generic/stringenc\stringenc.sty
Package: stringenc 2019/11/29 v1.12 Convert strings between diff. encodings (HO)
)
\@linkdim=\dimen151
\Hy@linkcounter=\count293
\Hy@pagecounter=\count294
 (C:\Users\barof\AppData\Local\Programs\MiKTeX\tex/latex/hyperref\pd1enc.def
File: pd1enc.def 2026-06-17 v7.01r Hyperref: PDFDocEncoding definition (HO)
Now handling font encoding PD1 ...
... no UTF-8 mapping file for font encoding PD1
) (C:\Users\barof\AppData\Local\Programs\MiKTeX\tex/generic/intcalc\intcalc.sty
Package: intcalc 2019/12/15 v1.3 Expandable calculations with integers (HO)
)
\Hy@SavedSpaceFactor=\count295
 (C:\Users\barof\AppData\Local\Programs\MiKTeX\tex/latex/hyperref\puenc.def
File: puenc.def 2026-06-17 v7.01r Hyperref: PDF Unicode definition (HO)
Now handling font encoding PU ...
... no UTF-8 mapping file for font encoding PU
)
Package hyperref Info: Hyper figures OFF on input line 4199.
Package hyperref Info: Link nesting OFF on input line 4204.
Package hyperref Info: Hyper index ON on input line 4207.
Package hyperref Info: Plain pages OFF on input line 4214.
Package hyperref Info: Backreferencing OFF on input line 4219.
Package hyperref Info: Implicit mode ON; LaTeX internals redefined.
Package hyperref Info: Bookmarks ON on input line 4466.
\c@Hy@tempcnt=\count296
 (C:\Users\barof\AppData\Local\Programs\MiKTeX\tex/latex/url\url.sty
\Urlmuskip=\muskip17
Package: url 2013/09/16  ver 3.4  Verb mode for urls, etc.
)
LaTeX Info: Redefining \url on input line 4805.
\XeTeXLinkMargin=\dimen152
 (C:\Users\barof\AppData\Local\Programs\MiKTeX\tex/generic/bitset\bitset.sty
Package: bitset 2019/12/09 v1.3 Handle bit-vector datatype (HO)
 (C:\Users\barof\AppData\Local\Programs\MiKTeX\tex/generic/bigintcalc\bigintcalc.sty
Package: bigintcalc 2019/12/15 v1.5 Expandable calculations on big integers (HO)
))
\Fld@menulength=\count297
\Field@Width=\dimen153
\Fld@charsize=\dimen154
Package hyperref Info: Hyper figures OFF on input line 6091.
Package hyperref Info: Link nesting OFF on input line 6096.
Package hyperref Info: Hyper index ON on input line 6099.
Package hyperref Info: backreferencing OFF on input line 6106.
Package hyperref Info: Link coloring OFF on input line 6111.
Package hyperref Info: Link coloring with OCG OFF on input line 6116.
Package hyperref Info: PDF/A mode OFF on input line 6121.
\Hy@abspage=\count298
\c@Item=\count299
\c@Hfootnote=\count300
)
Package hyperref Info: Driver (autodetected): hpdftex.
 (C:\Users\barof\AppData\Local\Programs\MiKTeX\tex/latex/hyperref\hpdftex.def
File: hpdftex.def 2026-06-17 v7.01r Hyperref driver for pdfTeX
\Fld@listcount=\count301
\c@bookmark@seq@number=\count302
 (C:\Users\barof\AppData\Local\Programs\MiKTeX\tex/latex/rerunfilecheck\rerunfilecheck.sty
Package: rerunfilecheck 2025-06-21 v1.11 Rerun checks for auxiliary files (HO)
 (C:\Users\barof\AppData\Local\Programs\MiKTeX\tex/generic/uniquecounter\uniquecounter.sty
Package: uniquecounter 2019/12/15 v1.4 Provide unlimited unique counter (HO)
)
Package uniquecounter Info: New unique counter `rerunfilecheck' on input line 284.
)
\Hy@SectionHShift=\skip51
)
Package hyperref Info: Option `breaklinks' set `true' on input line 123.
Package hyperref Info: Option `unicode' set `true' on input line 123.
Package hyperref Info: Option `bookmarksnumbered' set `true' on input line 123.
Package hyperref Info: Option `bookmarksopen' set `true' on input line 123.
Package hyperref Info: Option `colorlinks' set `true' on input line 123.
Package hyperref Info: Option `plainpages' set `false' on input line 123.
Package hyperref Info: Option `linktocpage' set `true' on input line 123.
 (C:\Users\barof\AppData\Local\Programs\MiKTeX\tex/latex/geometry\geometry.sty
Package: geometry 2026/03/07 v6.0 Page Geometry
 (C:\Users\barof\AppData\Local\Programs\MiKTeX\tex/generic/iftex\ifvtex.sty
Package: ifvtex 2019/10/25 v1.7 ifvtex legacy package. Use iftex instead.
)
\Gm@cnth=\count303
\Gm@cntv=\count304
\c@Gm@tempcnt=\count305
\Gm@bindingoffset=\dimen155
\Gm@wd@mp=\dimen156
\Gm@odd@mp=\dimen157
\Gm@even@mp=\dimen158
\Gm@layoutwidth=\dimen159
\Gm@layoutheight=\dimen160
\Gm@layouthoffset=\dimen161
\Gm@layoutvoffset=\dimen162
\Gm@dimlist=\toks19
 (C:\Users\barof\AppData\Local\Programs\MiKTeX\tex/latex/geometry\geometry.cfg)) (C:\Users\barof\AppData\Local\Programs\MiKTeX\tex/latex/tools\indentfirst.sty
Package: indentfirst 2023/07/02 v1.03 Indent first paragraph (DPC)
) (C:\Users\barof\AppData\Local\Programs\MiKTeX\tex/latex/comment\comment.sty
\CommentStream=\write3
 Excluding comment 'comment') (C:\Users\barof\AppData\Local\Programs\MiKTeX\tex/latex/newtx\newtxtext.sty
Package: newtxtext 2024/04/01 v1.744(Michael Sharpe) latex and unicode latex support for TeXGyreTermesX
 `newtxtext' v1.744, 2024/04/01 Text macros taking advantage of TeXGyre Termes and its extensions (msharpe) (C:\Users\barof\AppData\Local\Programs\MiKTeX\tex/latex/xpatch\xpatch.sty (C:\Users\barof\AppData\Local\Programs\MiKTeX\tex/latex/l3kernel\expl3.sty
Package: expl3 2026-08-10 L3 programming layer (loader) 
 (C:\Users\barof\AppData\Local\Programs\MiKTeX\tex/latex/l3kernel\l3backend-pdftex.def
File: l3backend-pdftex.def 2026-08-10 L3 backend support: PDF output (pdfTeX)
\l__color_backend_stack_int=\count306
))
Package: xpatch 2020/03/25 v0.3a Extending etoolbox patching commands
 (C:\Users\barof\AppData\Local\Programs\MiKTeX\tex/latex/l3packages/xparse\xparse.sty
Package: xparse 2025-10-09 L3 Experimental document command parser
)) (C:\Users\barof\AppData\Local\Programs\MiKTeX\tex/latex/xcolor\xcolor.sty
Package: xcolor 2024/09/29 v3.02 LaTeX color extensions (UK)
 (C:\Users\barof\AppData\Local\Programs\MiKTeX\tex/latex/graphics-cfg\color.cfg
File: color.cfg 2016/01/02 v1.6 sample color configuration
)
Package xcolor Info: Driver file: pdftex.def on input line 274.
 (C:\Users\barof\AppData\Local\Programs\MiKTeX\tex/latex/graphics-def\pdftex.def
File: pdftex.def 2025/09/29 v1.2d Graphics/color driver for pdftex
) (C:\Users\barof\AppData\Local\Programs\MiKTeX\tex/latex/graphics\mathcolor.ltx)
Package xcolor Info: Model `cmy' substituted by `cmy0' on input line 1349.
Package xcolor Info: Model `hsb' substituted by `rgb' on input line 1353.
Package xcolor Info: Model `RGB' extended on input line 1365.
Package xcolor Info: Model `HTML' substituted by `rgb' on input line 1367.
Package xcolor Info: Model `Hsb' substituted by `hsb' on input line 1368.
Package xcolor Info: Model `tHsb' substituted by `hsb' on input line 1369.
Package xcolor Info: Model `HSB' substituted by `hsb' on input line 1370.
Package xcolor Info: Model `Gray' substituted by `gray' on input line 1371.
Package xcolor Info: Model `wave' substituted by `hsb' on input line 1372.
) (C:\Users\barof\AppData\Local\Programs\MiKTeX\tex/latex/xkeyval\xkeyval.sty
Package: xkeyval 2022/06/16 v2.9 package option processing (HA)
 (C:\Users\barof\AppData\Local\Programs\MiKTeX\tex/generic/xkeyval\xkeyval.tex (C:\Users\barof\AppData\Local\Programs\MiKTeX\tex/generic/xkeyval\xkvutils.tex
\XKV@toks=\toks20
\XKV@tempa@toks=\toks21
)
\XKV@depth=\count307
File: xkeyval.tex 2014/12/03 v2.7a key=value parser (HA)
)) (C:\Users\barof\AppData\Local\Programs\MiKTeX\tex/latex/base\textcomp.sty
Package: textcomp 2024/04/24 v2.1b Standard LaTeX package
) (C:\Users\barof\AppData\Local\Programs\MiKTeX\tex/latex/xstring\xstring.sty (C:\Users\barof\AppData\Local\Programs\MiKTeX\tex/generic/xstring\xstring.tex
\xs_counta=\count308
\xs_countb=\count309
)
Package: xstring 2023/08/22 v1.86 String manipulations (CT)
) (C:\Users\barof\AppData\Local\Programs\MiKTeX\tex/latex/base\ifthen.sty
Package: ifthen 2024/03/16 v1.1e Standard LaTeX ifthen package (DPC)
) (C:\Users\barof\AppData\Local\Programs\MiKTeX\tex/latex/carlisle\scalefnt.sty)
LaTeX Font Info:    Setting ntxLF sub-encoding to TS1/0 on input line 24.
LaTeX Font Info:    Setting ntxTLF sub-encoding to TS1/0 on input line 24.
LaTeX Font Info:    Setting ntxOsF sub-encoding to TS1/0 on input line 24.
LaTeX Font Info:    Setting ntxTOsF sub-encoding to TS1/0 on input line 24.
 (C:\Users\barof\AppData\Local\Programs\MiKTeX\tex/generic/binhex\binhex.tex)
\ntx@tmpcnta=\count310
\ntx@cnt=\count311
 (C:\Users\barof\AppData\Local\Programs\MiKTeX\tex/latex/fontaxes\fontaxes.sty
Package: fontaxes 2026-01-02 v2.0.2 Font selection axes (deprecated)
Applying: [2024-11-01] Use figureversions if present on input line 74.
 (C:\Users\barof\AppData\Local\Programs\MiKTeX\tex/latex/figureversions\figureversions.sty
Package: figureversions 2025-04-29 v1.0.1 Figure versions
)
Already applied: [0000-00-00] Fall back to v1 on input line 76.
)
\tx@sixem=\dimen163
\tx@y=\dimen164
\tx@x=\dimen165
\tx@tmpdima=\dimen166
\tx@tmpdimb=\dimen167
\tx@tmpdimc=\dimen168
\tx@tmpdimd=\dimen169
\tx@tmpdime=\dimen170
\tx@tmpdimf=\dimen171
\tx@dimA=\dimen172
\tx@dimAA=\dimen173
\tx@dimB=\dimen174
\tx@dimBB=\dimen175
\tx@dimC=\dimen176
LaTeX Info: Redefining \oldstylenums on input line 902.
) (C:\Users\barof\AppData\Local\Programs\MiKTeX\tex/latex/psnfss\helvet.sty
Package: helvet 2020/03/25 PSNFSS-v9.3 (WaS) 
) (C:\Users\barof\AppData\Local\Programs\MiKTeX\tex/latex/anyfontsize\anyfontsize.sty
Package: anyfontsize 2007/11/22 anyfontsize.sty by pts
) (C:\Users\barof\AppData\Local\Programs\MiKTeX\tex/latex/colortbl\colortbl.sty
Package: colortbl 2026/05/01 v1.0l Color table columns (DPC)
 (C:\Users\barof\AppData\Local\Programs\MiKTeX\tex/latex/tools\array.sty
Package: array 2026/02/24 v2.7b Tabular extension package (FMi)
\col@sep=\dimen177
\ar@mcellbox=\box53
\extrarowheight=\dimen178
\NC@list=\toks22
\extratabsurround=\skip52
\backup@length=\skip53
\ar@cellbox=\box54
)
new hooks used!!
\minrowclearance=\skip54
\rownum=\count312
) (C:\Users\barof\AppData\Local\Programs\MiKTeX\tex/latex/mwe\mwe.sty
Package: mwe 2018/03/30 v0.5 Package to support minimal working examples (MWE)
 (C:\Users\barof\AppData\Local\Programs\MiKTeX\tex/latex/graphics\graphicx.sty
Package: graphicx 2026-05-17 v1.2e Enhanced LaTeX Graphics (DPC,SPQR)
 (C:\Users\barof\AppData\Local\Programs\MiKTeX\tex/latex/graphics\graphics.sty
Package: graphics 2026-05-17 v1.4h Standard LaTeX Graphics (DPC,SPQR)
 (C:\Users\barof\AppData\Local\Programs\MiKTeX\tex/latex/graphics\trig.sty
Package: trig 2023/12/02 v1.11 sin cos tan (DPC)
) (C:\Users\barof\AppData\Local\Programs\MiKTeX\tex/latex/graphics-cfg\graphics.cfg
File: graphics.cfg 2016/06/04 v1.11 sample graphics configuration
)
Package graphics Info: Driver file: pdftex.def on input line 106.
)
\Gin@req@height=\dimen179
\Gin@req@width=\dimen180
) (C:\Users\barof\AppData\Local\Programs\MiKTeX\tex/latex/lipsum\lipsum.sty (C:\Users\barof\AppData\Local\Programs\MiKTeX\tex/latex/l3packages/l3keys2e\l3keys2e.sty
Package: l3keys2e 2025-10-09 LaTeX2e option processing using LaTeX3 keys
)
Package: lipsum 2021-09-20 v2.7 150 paragraphs of Lorem Ipsum dummy text
\g__lipsum_par_int=\count313
\l__lipsum_a_int=\count314
\l__lipsum_b_int=\count315
 (C:\Users\barof\AppData\Local\Programs\MiKTeX\tex/latex/lipsum\lipsum.ltd.tex)) (C:\Users\barof\AppData\Local\Programs\MiKTeX\tex/latex/blindtext\blindtext.sty
Package: blindtext 2012/01/06 V2.0 blindtext-Package
 (C:\Users\barof\AppData\Local\Programs\MiKTeX\tex/latex/tools\xspace.sty
Package: xspace 2014/10/28 v1.13 Space after command names (DPC,MH)
)
\c@blindtext=\count316
\c@Blindtext=\count317
\c@blind@countparstart=\count318
\blind@countxx=\count319
\blindtext@numBlindtext=\count320
\blind@countyy=\count321
\c@blindlist=\count322
\c@blindlistlevel=\count323
\c@blindlist@level=\count324
\blind@listitem=\count325
\c@blind@listcount=\count326
\c@blind@levelcount=\count327
\blind@mathformula=\count328
\blind@Mathformula=\count329
\c@blind@randomcount=\count330
\c@blind@randommax=\count331
\c@blind@pangramcount=\count332
\c@blind@pangrammax=\count333
)) (C:\Users\barof\AppData\Local\Programs\MiKTeX\tex/latex/tools\enumerate.sty
Package: enumerate 2023/07/04 v3.00 enumerate extensions (DPC)
\@enLab=\toks23
) (C:\Users\barof\AppData\Local\Programs\MiKTeX\tex/latex/enumitem\enumitem.sty
Package: enumitem 2025/02/06 v3.11 Customized lists
\labelindent=\skip55
\enit@outerparindent=\dimen181
\enit@toks=\toks24
\enit@inbox=\box55
\enit@count@id=\count334
\enitdp@description=\count335
) (C:\Users\barof\AppData\Local\Programs\MiKTeX\tex/latex/caption\caption.sty
Package: caption 2023/08/05 v3.6o Customizing captions (AR)
 (C:\Users\barof\AppData\Local\Programs\MiKTeX\tex/latex/caption\caption3.sty
Package: caption3 2023/07/31 v2.4d caption3 kernel (AR)
\caption@tempdima=\dimen182
\captionmargin=\dimen183
\caption@leftmargin=\dimen184
\caption@rightmargin=\dimen185
\caption@width=\dimen186
\caption@indent=\dimen187
\caption@parindent=\dimen188
\caption@hangindent=\dimen189
Package caption Info: Standard document class detected.
)
\c@caption@flags=\count336
\c@continuedfloat=\count337
Package caption Info: hyperref package is loaded.
) (C:\Users\barof\AppData\Local\Programs\MiKTeX\tex/latex/amsmath\amsmath.sty
Package: amsmath 2026/05/19 v2.18d AMS math features
\@mathmargin=\skip56

For additional information on amsmath, use the `?' option.
(C:\Users\barof\AppData\Local\Programs\MiKTeX\tex/latex/amsmath\amstext.sty
Package: amstext 2024/11/17 v2.01 AMS text
 (C:\Users\barof\AppData\Local\Programs\MiKTeX\tex/latex/amsmath\amsgen.sty
File: amsgen.sty 1999/11/30 v2.0 generic functions
\@emptytoks=\toks25
\ex@=\dimen190
)) (C:\Users\barof\AppData\Local\Programs\MiKTeX\tex/latex/amsmath\amsbsy.sty
Package: amsbsy 1999/11/29 v1.2d Bold Symbols
\pmbraise@=\dimen191
) (C:\Users\barof\AppData\Local\Programs\MiKTeX\tex/latex/amsmath\amsopn.sty
Package: amsopn 2022/04/08 v2.04 operator names
)
\inf@bad=\count338
LaTeX Info: Redefining \frac on input line 233.
\uproot@=\count339
\leftroot@=\count340
LaTeX Info: Redefining \overline on input line 398.
LaTeX Info: Redefining \colon on input line 409.
\classnum@=\count341
\DOTSCASE@=\count342
LaTeX Info: Redefining \ldots on input line 495.
LaTeX Info: Redefining \dots on input line 498.
LaTeX Info: Redefining \cdots on input line 619.
\Mathstrutbox@=\box56
\strutbox@=\box57
LaTeX Info: Redefining \big on input line 721.
LaTeX Info: Redefining \Big on input line 722.
LaTeX Info: Redefining \bigg on input line 723.
LaTeX Info: Redefining \Bigg on input line 724.
\big@size=\dimen192
LaTeX Font Info:    Redeclaring font encoding OML on input line 742.
LaTeX Font Info:    Redeclaring font encoding OMS on input line 743.
\macc@depth=\count343
LaTeX Info: Redefining \bmod on input line 904.
LaTeX Info: Redefining \pmod on input line 909.
LaTeX Info: Redefining \smash on input line 939.
LaTeX Info: Redefining \relbar on input line 969.
LaTeX Info: Redefining \Relbar on input line 970.
\c@MaxMatrixCols=\count344
\dotsspace@=\muskip18
\c@parentequation=\count345
\dspbrk@lvl=\count346
\tag@help=\toks26
\row@=\count347
\column@=\count348
\maxfields@=\count349
\andhelp@=\toks27
\eqnshift@=\dimen193
\alignsep@=\dimen194
\tagshift@=\dimen195
\tagwidth@=\dimen196
\totwidth@=\dimen197
\lineht@=\dimen198
\@envbody=\toks28
\multlinegap=\skip57
\multlinetaggap=\skip58
\mathdisplay@stack=\toks29
LaTeX Info: Redefining \[ on input line 2965.
LaTeX Info: Redefining \] on input line 2966.
) (C:\Users\barof\AppData\Local\Programs\MiKTeX\tex/latex/jknappen\mathrsfs.sty
Package: mathrsfs 1996/01/01 Math RSFS package v1.0 (jk)
\symrsfs=\mathgroup4
) (C:\Users\barof\AppData\Local\Programs\MiKTeX\tex/latex/amsfonts\amsfonts.sty
Package: amsfonts 2013/01/14 v3.01 Basic AMSFonts support
\symAMSa=\mathgroup5
\symAMSb=\mathgroup6
LaTeX Font Info:    Redeclaring math symbol \hbar on input line 98.
LaTeX Font Info:    Overwriting math alphabet `\mathfrak' in version `bold'
(Font)                  U/euf/m/n --> U/euf/b/n on input line 106.
) (C:\Users\barof\AppData\Local\Programs\MiKTeX\tex/latex/amsfonts\amssymb.sty
Package: amssymb 2013/01/14 v3.01 AMS font symbols
) (C:\Users\barof\AppData\Local\Programs\MiKTeX\tex/latex/booktabs\booktabs.sty
Package: booktabs 2020/01/12 v1.61803398 Publication quality tables
\heavyrulewidth=\dimen199
\lightrulewidth=\dimen256
\cmidrulewidth=\dimen257
\belowrulesep=\dimen258
\belowbottomsep=\dimen259
\aboverulesep=\dimen260
\abovetopsep=\dimen261
\cmidrulesep=\dimen262
\cmidrulekern=\dimen263
\defaultaddspace=\dimen264
\@cmidla=\count350
\@cmidlb=\count351
\@aboverulesep=\dimen265
\@belowrulesep=\dimen266
\@thisruleclass=\count352
\@lastruleclass=\count353
\@thisrulewidth=\dimen267
) (C:\Users\barof\AppData\Local\Programs\MiKTeX\tex/latex/tools\multicol.sty
Package: multicol 2025/10/21 v2.0b multicolumn formatting (FMi)
\c@tracingmulticols=\count354
\mult@box=\box58
\multicol@leftmargin=\dimen268
\c@unbalance=\count355
\c@collectmore=\count356
\doublecol@number=\count357
\multicoltolerance=\count358
\multicolpretolerance=\count359
\full@width=\dimen269
\page@free=\dimen270
\premulticols=\dimen271
\postmulticols=\dimen272
\multicolsep=\skip59
\multicolbaselineskip=\skip60
\partial@page=\box59
\last@line=\box60
\mc@boxedresult=\box61
\maxbalancingoverflow=\dimen273
\mult@rightbox=\box62
\mult@grightbox=\box63
\mult@firstbox=\box64
\mult@gfirstbox=\box65
\@tempa=\box66
\@tempa=\box67
\@tempa=\box68
\@tempa=\box69
\@tempa=\box70
\@tempa=\box71
\@tempa=\box72
\@tempa=\box73
\@tempa=\box74
\@tempa=\box75
\@tempa=\box76
\@tempa=\box77
\@tempa=\box78
\@tempa=\box79
\@tempa=\box80
\@tempa=\box81
\@tempa=\box82
\@tempa=\box83
\@tempa=\box84
\@tempa=\box85
\@tempa=\box86
\@tempa=\box87
\@tempa=\box88
\@tempa=\box89
\@tempa=\box90
\@tempa=\box91
\@tempa=\box92
\@tempa=\box93
\@tempa=\box94
\@tempa=\box95
\@tempa=\box96
\@tempa=\box97
\@tempa=\box98
\@tempa=\box99
\@tempa=\box100
\@tempa=\box101
\c@minrows=\count360
\c@columnbadness=\count361
\c@finalcolumnbadness=\count362
\last@try=\dimen274
\multicolovershoot=\dimen275
\multicolundershoot=\dimen276
\mult@nat@firstbox=\box102
\colbreak@box=\box103
\mc@col@check@num=\count363
\g__mc_curr_col_int=\count364
) (C:\Users\barof\AppData\Local\Programs\MiKTeX\tex/latex/multirow\multirow.sty
Package: multirow 2024/11/12 v2.9 Span multiple rows of a table
\multirow@colwidth=\skip61
\multirow@cntb=\count365
\multirow@dima=\skip62
\bigstrutjot=\dimen277
) (C:\Users\barof\AppData\Local\Programs\MiKTeX\tex/latex/fancyvrb\fancyvrb.sty
Package: fancyvrb 2026/08/13 4.7 verbatim text (tvz,hv)
\FV@CodeLineNo=\count366
\FV@InFile=\read2
\FV@TabBox=\box104
\c@FancyVerbLine=\count367
\FV@StepNumber=\count368
\FV@OutFile=\write4
) (C:\Users\barof\AppData\Local\Programs\MiKTeX\tex/latex/makecell\makecell.sty
Package: makecell 2009/08/03 V0.1e Managing of Tab Column Heads and Cells
\rotheadsize=\dimen278
\c@nlinenum=\count369
\TeXr@lab=\toks30
) (C:\Users\barof\AppData\Local\Programs\MiKTeX\tex/generic/hologo\hologo.sty
Package: hologo 2025-11-11 v1.16 A logo collection with bookmark support (HO)
) (C:\Users\barof\AppData\Local\Programs\MiKTeX\tex/latex/titlesec\titlesec.sty
Package: titlesec 2025/01/04 v2.17 Sectioning titles
\ttl@box=\box105
\beforetitleunit=\skip63
\aftertitleunit=\skip64
\ttl@plus=\dimen279
\ttl@minus=\dimen280
\ttl@toksa=\toks31
\titlewidth=\dimen281
\titlewidthlast=\dimen282
\titlewidthfirst=\dimen283
) (C:\Users\barof\AppData\Local\Programs\MiKTeX\tex/latex/appendix\appendix.sty
Package: appendix 2020/02/08 v1.2c extra appendix facilities
\c@@pps=\count370
\c@@ppsavesec=\count371
\c@@ppsaveapp=\count372
) (C:\Users\barof\AppData\Local\Programs\MiKTeX\tex/latex/biblatex\biblatex.sty
Package: biblatex 2026/08/13 v3.22 programmable bibliographies (PK/MW)
 (C:\Users\barof\AppData\Local\Programs\MiKTeX\tex/latex/logreq\logreq.sty
Package: logreq 2010/08/04 v1.0 xml request logger
\lrq@indent=\count373
 (C:\Users\barof\AppData\Local\Programs\MiKTeX\tex/latex/logreq\logreq.def
File: logreq.def 2010/08/04 v1.0 logreq spec v1.0
))
\c@tabx@nest=\count374
\c@listtotal=\count375
\c@listcount=\count376
\c@liststart=\count377
\c@liststop=\count378
\c@citecount=\count379
\c@citetotal=\count380
\c@multicitecount=\count381
\c@multicitetotal=\count382
\c@instcount=\count383
\c@maxnames=\count384
\c@minnames=\count385
\c@maxitems=\count386
\c@minitems=\count387
\c@citecounter=\count388
\c@maxcitecounter=\count389
\c@savedcitecounter=\count390
\c@uniquelist=\count391
\c@uniquename=\count392
\c@refsection=\count393
\c@refsegment=\count394
\c@maxextratitle=\count395
\c@maxextratitleyear=\count396
\c@maxextraname=\count397
\c@maxextradate=\count398
\c@maxextraalpha=\count399
\c@abbrvpenalty=\count400
\c@highnamepenalty=\count401
\c@lownamepenalty=\count402
\c@maxparens=\count403
\c@parenlevel=\count404
\blx@tempcnta=\count405
\blx@tempcntb=\count406
\blx@tempcntc=\count407
\c@blx@maxsection=\count408
\blx@maxsegment@0=\count409
\blx@notetype=\count410
\blx@parenlevel@text=\count411
\blx@parenlevel@foot=\count412
\blx@sectionciteorder@0=\count413
\blx@sectionciteorderinternal@0=\count414
\blx@entrysetcounter=\count415
\blx@biblioinstance=\count416
\labelnumberwidth=\skip65
\labelalphawidth=\skip66
\biblabelsep=\skip67
\bibitemsep=\skip68
\bibnamesep=\skip69
\bibinitsep=\skip70
\bibparsep=\skip71
\bibhang=\skip72
\blx@bcfin=\read3
\blx@bcfout=\write5
\blx@langwohyphens=\language79
\c@mincomprange=\count417
\c@maxcomprange=\count418
\c@mincompwidth=\count419
Package biblatex Info: Trying to load biblatex default data model...
Package biblatex Info: ... file 'blx-dm.def' found.
 (C:\Users\barof\AppData\Local\Programs\MiKTeX\tex/latex/biblatex\blx-dm.def
File: blx-dm.def 2026/08/13 v3.22 biblatex datamodel (PK/MW)
)
Package biblatex Info: Trying to load biblatex citestyle data model...
Package biblatex Info: ... file 'numeric-comp.dbx' not found.
Package biblatex Info: Trying to load biblatex bibstyle data model...
Package biblatex Info: ... file 'numeric.dbx' not found.
Package biblatex Info: Trying to load biblatex custom data model...
Package biblatex Info: ... file 'biblatex-dm.cfg' not found.
\c@afterword=\count420
\c@savedafterword=\count421
\c@annotator=\count422
\c@savedannotator=\count423
\c@author=\count424
\c@savedauthor=\count425
\c@bookauthor=\count426
\c@savedbookauthor=\count427
\c@commentator=\count428
\c@savedcommentator=\count429
\c@editor=\count430
\c@savededitor=\count431
\c@editora=\count432
\c@savededitora=\count433
\c@editorb=\count434
\c@savededitorb=\count435
\c@editorc=\count436
\c@savededitorc=\count437
\c@foreword=\count438
\c@savedforeword=\count439
\c@holder=\count440
\c@savedholder=\count441
\c@introduction=\count442
\c@savedintroduction=\count443
\c@namea=\count444
\c@savednamea=\count445
\c@nameb=\count446
\c@savednameb=\count447
\c@namec=\count448
\c@savednamec=\count449
\c@translator=\count450
\c@savedtranslator=\count451
\c@shortauthor=\count452
\c@savedshortauthor=\count453
\c@shorteditor=\count454
\c@savedshorteditor=\count455
\c@labelname=\count456
\c@savedlabelname=\count457
\c@institution=\count458
\c@savedinstitution=\count459
\c@lista=\count460
\c@savedlista=\count461
\c@listb=\count462
\c@savedlistb=\count463
\c@listc=\count464
\c@savedlistc=\count465
\c@listd=\count466
\c@savedlistd=\count467
\c@liste=\count468
\c@savedliste=\count469
\c@listf=\count470
\c@savedlistf=\count471
\c@location=\count472
\c@savedlocation=\count473
\c@organization=\count474
\c@savedorganization=\count475
\c@origlocation=\count476
\c@savedoriglocation=\count477
\c@origpublisher=\count478
\c@savedorigpublisher=\count479
\c@publisher=\count480
\c@savedpublisher=\count481
\c@language=\count482
\c@savedlanguage=\count483
\c@origlanguage=\count484
\c@savedoriglanguage=\count485
\c@pageref=\count486
\c@savedpageref=\count487
\shorthandwidth=\skip73
\shortjournalwidth=\skip74
\shortserieswidth=\skip75
\shorttitlewidth=\skip76
\shortauthorwidth=\skip77
\shorteditorwidth=\skip78
\locallabelnumberwidth=\skip79
\locallabelalphawidth=\skip80
\localshorthandwidth=\skip81
\localshortjournalwidth=\skip82
\localshortserieswidth=\skip83
\localshorttitlewidth=\skip84
\localshortauthorwidth=\skip85
\localshorteditorwidth=\skip86
Package biblatex Info: Trying to load compatibility code...
Package biblatex Info: ... file 'blx-compat.def' found.
 (C:\Users\barof\AppData\Local\Programs\MiKTeX\tex/latex/biblatex\blx-compat.def
File: blx-compat.def 2026/08/13 v3.22 biblatex compatibility (PK/MW)
)
Package biblatex Info: Trying to load generic definitions...
Package biblatex Info: ... file 'biblatex.def' found.
 (C:\Users\barof\AppData\Local\Programs\MiKTeX\tex/latex/biblatex\biblatex.def
File: biblatex.def 2026/08/13 v3.22 biblatex compatibility (PK/MW)
\c@textcitecount=\count488
\c@textcitetotal=\count489
\c@textcitemaxnames=\count490
\c@biburlbigbreakpenalty=\count491
\c@biburlbreakpenalty=\count492
\c@biburlnumpenalty=\count493
\c@biburlucpenalty=\count494
\c@biburllcpenalty=\count495
\biburlbigskip=\muskip19
\biburlnumskip=\muskip20
\biburlucskip=\muskip21
\biburllcskip=\muskip22
\c@smartand=\count496
)
Package biblatex Info: Trying to load bibliography style 'numeric'...
Package biblatex Info: ... file 'numeric.bbx' found.
 (C:\Users\barof\AppData\Local\Programs\MiKTeX\tex/latex/biblatex/bbx\numeric.bbx
File: numeric.bbx 2026/08/13 v3.22 biblatex bibliography style (PK/MW)
Package biblatex Info: Trying to load bibliography style 'standard'...
Package biblatex Info: ... file 'standard.bbx' found.
 (C:\Users\barof\AppData\Local\Programs\MiKTeX\tex/latex/biblatex/bbx\standard.bbx
File: standard.bbx 2026/08/13 v3.22 biblatex bibliography style (PK/MW)
\c@bbx:relatedcount=\count497
\c@bbx:relatedtotal=\count498
))
Package biblatex Info: Trying to load citation style 'numeric-comp'...
Package biblatex Info: ... file 'numeric-comp.cbx' found.
 (C:\Users\barof\AppData\Local\Programs\MiKTeX\tex/latex/biblatex/cbx\numeric-comp.cbx
File: numeric-comp.cbx 2026/08/13 v3.22 biblatex citation style (PK/MW)
\c@cbx@tempcnta=\count499
\c@cbx@tempcntb=\count500
\c@cbx@tempcntc=\count501
\c@cbx@tempcntd=\count502
Package biblatex Info: Redefining '\cite'.
Package biblatex Info: Redefining '\parencite'.
Package biblatex Info: Redefining '\footcite'.
Package biblatex Info: Redefining '\footcitetext'.
Package biblatex Info: Redefining '\smartcite'.
Package biblatex Info: Redefining '\supercite'.
Package biblatex Info: Redefining '\textcite'.
Package biblatex Info: Redefining '\textcites'.
Package biblatex Info: Redefining '\cites'.
Package biblatex Info: Redefining '\parencites'.
Package biblatex Info: Redefining '\smartcites'.
)
Package biblatex Info: Trying to load configuration file...
Package biblatex Info: ... file 'biblatex.cfg' found.
 (C:\Users\barof\AppData\Local\Programs\MiKTeX\tex/latex/biblatex\biblatex.cfg
File: biblatex.cfg 
)
Package biblatex Info: Input encoding 'utf8' detected.
Package biblatex Info: Document encoding is UTF8 ....
Package biblatex Info: ... and expl3
(biblatex)             2026-08-10 L3 programming layer (loader) 
(biblatex)             is new enough (at least 2020/04/06),
(biblatex)             setting 'casechanger=expl3'.
 (C:\Users\barof\AppData\Local\Programs\MiKTeX\tex/latex/biblatex\blx-case-expl3.sty
Package: blx-case-expl3 2026/08/13 v3.22 expl3 case changing code for biblatex
)) (C:\Users\barof\AppData\Local\Programs\MiKTeX\tex/latex/pgf/frontendlayer\tikz.sty (C:\Users\barof\AppData\Local\Programs\MiKTeX\tex/latex/pgf/basiclayer\pgf.sty (C:\Users\barof\AppData\Local\Programs\MiKTeX\tex/latex/pgf/utilities\pgfrcs.sty (C:\Users\barof\AppData\Local\Programs\MiKTeX\tex/generic/pgf/utilities\pgfutil-common.tex
\pgfutil@everybye=\toks32
\pgfutil@tempdima=\dimen284
\pgfutil@tempdimb=\dimen285
) (C:\Users\barof\AppData\Local\Programs\MiKTeX\tex/generic/pgf/utilities\pgfutil-latex.def
\pgfutil@abb=\box106
) (C:\Users\barof\AppData\Local\Programs\MiKTeX\tex/generic/pgf/utilities\pgfrcs.code.tex (C:\Users\barof\AppData\Local\Programs\MiKTeX\tex/generic/pgf\pgf.revision.tex)
Package: pgfrcs 2026-08-01 v3.1.12 (3.1.12)
))
Package: pgf 2026-08-01 v3.1.12 (3.1.12)
 (C:\Users\barof\AppData\Local\Programs\MiKTeX\tex/latex/pgf/basiclayer\pgfcore.sty (C:\Users\barof\AppData\Local\Programs\MiKTeX\tex/latex/pgf/systemlayer\pgfsys.sty (C:\Users\barof\AppData\Local\Programs\MiKTeX\tex/generic/pgf/systemlayer\pgfsys.code.tex
Package: pgfsys 2026-08-01 v3.1.12 (3.1.12)
 (C:\Users\barof\AppData\Local\Programs\MiKTeX\tex/generic/pgf/utilities\pgfkeys.code.tex
\pgfkeys@pathtoks=\toks33
\pgfkeys@temptoks=\toks34
 (C:\Users\barof\AppData\Local\Programs\MiKTeX\tex/generic/pgf/utilities\pgfkeyslibraryfiltered.code.tex
\pgfkeys@tmptoks=\toks35
))
\pgf@x=\dimen286
\pgf@y=\dimen287
\pgf@xa=\dimen288
\pgf@ya=\dimen289
\pgf@xb=\dimen290
\pgf@yb=\dimen291
\pgf@xc=\dimen292
\pgf@yc=\dimen293
\pgf@xd=\dimen294
\pgf@yd=\dimen295
\w@pgf@writea=\write6
\r@pgf@reada=\read4
\c@pgf@counta=\count503
\c@pgf@countb=\count504
\c@pgf@countc=\count505
\c@pgf@countd=\count506
\t@pgf@toka=\toks36
\t@pgf@tokb=\toks37
\t@pgf@tokc=\toks38
\pgf@sys@id@count=\count507
 (C:\Users\barof\AppData\Local\Programs\MiKTeX\tex/generic/pgf/systemlayer\pgf.cfg
File: pgf.cfg 2026-08-01 v3.1.12 (3.1.12)
)
Driver file for pgf: pgfsys-pdftex.def
 (C:\Users\barof\AppData\Local\Programs\MiKTeX\tex/generic/pgf/systemlayer\pgfsys-pdftex.def
File: pgfsys-pdftex.def 2026-08-01 v3.1.12 (3.1.12)
 (C:\Users\barof\AppData\Local\Programs\MiKTeX\tex/generic/pgf/systemlayer\pgfsys-common-pdf.def
File: pgfsys-common-pdf.def 2026-08-01 v3.1.12 (3.1.12)
))) (C:\Users\barof\AppData\Local\Programs\MiKTeX\tex/generic/pgf/systemlayer\pgfsyssoftpath.code.tex
File: pgfsyssoftpath.code.tex 2026-08-01 v3.1.12 (3.1.12)
\pgfsyssoftpath@smallbuffer@items=\count508
\pgfsyssoftpath@bigbuffer@items=\count509
) (C:\Users\barof\AppData\Local\Programs\MiKTeX\tex/generic/pgf/systemlayer\pgfsysprotocol.code.tex
File: pgfsysprotocol.code.tex 2026-08-01 v3.1.12 (3.1.12)
)) (C:\Users\barof\AppData\Local\Programs\MiKTeX\tex/generic/pgf/basiclayer\pgfcore.code.tex
Package: pgfcore 2026-08-01 v3.1.12 (3.1.12)
 (C:\Users\barof\AppData\Local\Programs\MiKTeX\tex/generic/pgf/math\pgfmath.code.tex (C:\Users\barof\AppData\Local\Programs\MiKTeX\tex/generic/pgf/math\pgfmathutil.code.tex) (C:\Users\barof\AppData\Local\Programs\MiKTeX\tex/generic/pgf/math\pgfmathparser.code.tex
\pgfmath@dimen=\dimen296
\pgfmath@count=\count510
\pgfmath@box=\box107
\pgfmath@toks=\toks39
\pgfmath@stack@operand=\toks40
\pgfmath@stack@operation=\toks41
) (C:\Users\barof\AppData\Local\Programs\MiKTeX\tex/generic/pgf/math\pgfmathfunctions.code.tex) (C:\Users\barof\AppData\Local\Programs\MiKTeX\tex/generic/pgf/math\pgfmathfunctions.basic.code.tex) (C:\Users\barof\AppData\Local\Programs\MiKTeX\tex/generic/pgf/math\pgfmathfunctions.trigonometric.code.tex) (C:\Users\barof\AppData\Local\Programs\MiKTeX\tex/generic/pgf/math\pgfmathfunctions.random.code.tex) (C:\Users\barof\AppData\Local\Programs\MiKTeX\tex/generic/pgf/math\pgfmathfunctions.comparison.code.tex) (C:\Users\barof\AppData\Local\Programs\MiKTeX\tex/generic/pgf/math\pgfmathfunctions.base.code.tex) (C:\Users\barof\AppData\Local\Programs\MiKTeX\tex/generic/pgf/math\pgfmathfunctions.round.code.tex) (C:\Users\barof\AppData\Local\Programs\MiKTeX\tex/generic/pgf/math\pgfmathfunctions.misc.code.tex) (C:\Users\barof\AppData\Local\Programs\MiKTeX\tex/generic/pgf/math\pgfmathfunctions.integerarithmetics.code.tex) (C:\Users\barof\AppData\Local\Programs\MiKTeX\tex/generic/pgf/math\pgfmathcalc.code.tex) (C:\Users\barof\AppData\Local\Programs\MiKTeX\tex/generic/pgf/math\pgfmathfloat.code.tex
\c@pgfmathroundto@lastzeros=\count511
)) (C:\Users\barof\AppData\Local\Programs\MiKTeX\tex/generic/pgf/math\pgfint.code.tex) (C:\Users\barof\AppData\Local\Programs\MiKTeX\tex/generic/pgf/basiclayer\pgfcorepoints.code.tex
File: pgfcorepoints.code.tex 2026-08-01 v3.1.12 (3.1.12)
\pgf@picminx=\dimen297
\pgf@picmaxx=\dimen298
\pgf@picminy=\dimen299
\pgf@picmaxy=\dimen300
\pgf@pathminx=\dimen301
\pgf@pathmaxx=\dimen302
\pgf@pathminy=\dimen303
\pgf@pathmaxy=\dimen304
\pgf@xx=\dimen305
\pgf@xy=\dimen306
\pgf@yx=\dimen307
\pgf@yy=\dimen308
\pgf@zx=\dimen309
\pgf@zy=\dimen310
) (C:\Users\barof\AppData\Local\Programs\MiKTeX\tex/generic/pgf/basiclayer\pgfcorepathconstruct.code.tex
File: pgfcorepathconstruct.code.tex 2026-08-01 v3.1.12 (3.1.12)
\pgf@path@lastx=\dimen311
\pgf@path@lasty=\dimen312
) (C:\Users\barof\AppData\Local\Programs\MiKTeX\tex/generic/pgf/basiclayer\pgfcorepathusage.code.tex
File: pgfcorepathusage.code.tex 2026-08-01 v3.1.12 (3.1.12)
\pgf@shorten@end@additional=\dimen313
\pgf@shorten@start@additional=\dimen314
) (C:\Users\barof\AppData\Local\Programs\MiKTeX\tex/generic/pgf/basiclayer\pgfcorescopes.code.tex
File: pgfcorescopes.code.tex 2026-08-01 v3.1.12 (3.1.12)
\pgfpic=\box108
\pgf@hbox=\box109
\pgf@layerbox@main=\box110
\pgf@picture@serial@count=\count512
) (C:\Users\barof\AppData\Local\Programs\MiKTeX\tex/generic/pgf/basiclayer\pgfcoregraphicstate.code.tex
File: pgfcoregraphicstate.code.tex 2026-08-01 v3.1.12 (3.1.12)
\pgflinewidth=\dimen315
) (C:\Users\barof\AppData\Local\Programs\MiKTeX\tex/generic/pgf/basiclayer\pgfcoretransformations.code.tex
File: pgfcoretransformations.code.tex 2026-08-01 v3.1.12 (3.1.12)
\pgf@pt@x=\dimen316
\pgf@pt@y=\dimen317
\pgf@pt@temp=\dimen318
) (C:\Users\barof\AppData\Local\Programs\MiKTeX\tex/generic/pgf/basiclayer\pgfcorequick.code.tex
File: pgfcorequick.code.tex 2026-08-01 v3.1.12 (3.1.12)
) (C:\Users\barof\AppData\Local\Programs\MiKTeX\tex/generic/pgf/basiclayer\pgfcoreobjects.code.tex
File: pgfcoreobjects.code.tex 2026-08-01 v3.1.12 (3.1.12)
) (C:\Users\barof\AppData\Local\Programs\MiKTeX\tex/generic/pgf/basiclayer\pgfcorepathprocessing.code.tex
File: pgfcorepathprocessing.code.tex 2026-08-01 v3.1.12 (3.1.12)
) (C:\Users\barof\AppData\Local\Programs\MiKTeX\tex/generic/pgf/basiclayer\pgfcorearrows.code.tex
File: pgfcorearrows.code.tex 2026-08-01 v3.1.12 (3.1.12)
\pgfarrowsep=\dimen319
) (C:\Users\barof\AppData\Local\Programs\MiKTeX\tex/generic/pgf/basiclayer\pgfcoreshade.code.tex
File: pgfcoreshade.code.tex 2026-08-01 v3.1.12 (3.1.12)
\pgf@max=\dimen320
\pgf@sys@shading@range@num=\count513
\pgf@shadingcount=\count514
) (C:\Users\barof\AppData\Local\Programs\MiKTeX\tex/generic/pgf/basiclayer\pgfcoreimage.code.tex
File: pgfcoreimage.code.tex 2026-08-01 v3.1.12 (3.1.12)
) (C:\Users\barof\AppData\Local\Programs\MiKTeX\tex/generic/pgf/basiclayer\pgfcoreexternal.code.tex
File: pgfcoreexternal.code.tex 2026-08-01 v3.1.12 (3.1.12)
\pgfexternal@startupbox=\box111
) (C:\Users\barof\AppData\Local\Programs\MiKTeX\tex/generic/pgf/basiclayer\pgfcorelayers.code.tex
File: pgfcorelayers.code.tex 2026-08-01 v3.1.12 (3.1.12)
) (C:\Users\barof\AppData\Local\Programs\MiKTeX\tex/generic/pgf/basiclayer\pgfcoretransparency.code.tex
File: pgfcoretransparency.code.tex 2026-08-01 v3.1.12 (3.1.12)
) (C:\Users\barof\AppData\Local\Programs\MiKTeX\tex/generic/pgf/basiclayer\pgfcorepatterns.code.tex
File: pgfcorepatterns.code.tex 2026-08-01 v3.1.12 (3.1.12)
) (C:\Users\barof\AppData\Local\Programs\MiKTeX\tex/generic/pgf/basiclayer\pgfcorerdf.code.tex
File: pgfcorerdf.code.tex 2026-08-01 v3.1.12 (3.1.12)
))) (C:\Users\barof\AppData\Local\Programs\MiKTeX\tex/generic/pgf/modules\pgfmoduleshapes.code.tex
File: pgfmoduleshapes.code.tex 2026-08-01 v3.1.12 (3.1.12)
\pgfnodeparttextbox=\box112
) (C:\Users\barof\AppData\Local\Programs\MiKTeX\tex/generic/pgf/modules\pgfmoduleplot.code.tex
File: pgfmoduleplot.code.tex 2026-08-01 v3.1.12 (3.1.12)
) (C:\Users\barof\AppData\Local\Programs\MiKTeX\tex/latex/pgf/compatibility\pgfcomp-version-0-65.sty
Package: pgfcomp-version-0-65 2026-08-01 v3.1.12 (3.1.12)
\pgf@nodesepstart=\dimen321
\pgf@nodesepend=\dimen322
) (C:\Users\barof\AppData\Local\Programs\MiKTeX\tex/latex/pgf/compatibility\pgfcomp-version-1-18.sty
Package: pgfcomp-version-1-18 2026-08-01 v3.1.12 (3.1.12)
)) (C:\Users\barof\AppData\Local\Programs\MiKTeX\tex/latex/pgf/utilities\pgffor.sty (C:\Users\barof\AppData\Local\Programs\MiKTeX\tex/latex/pgf/utilities\pgfkeys.sty (C:\Users\barof\AppData\Local\Programs\MiKTeX\tex/generic/pgf/utilities\pgfkeys.code.tex)) (C:\Users\barof\AppData\Local\Programs\MiKTeX\tex/latex/pgf/math\pgfmath.sty (C:\Users\barof\AppData\Local\Programs\MiKTeX\tex/generic/pgf/math\pgfmath.code.tex)) (C:\Users\barof\AppData\Local\Programs\MiKTeX\tex/generic/pgf/utilities\pgffor.code.tex
Package: pgffor 2026-08-01 v3.1.12 (3.1.12)
\pgffor@iter=\dimen323
\pgffor@skip=\dimen324
\pgffor@stack=\toks42
\pgffor@toks=\toks43
)) (C:\Users\barof\AppData\Local\Programs\MiKTeX\tex/generic/pgf/frontendlayer/tikz\tikz.code.tex
Package: tikz 2026-08-01 v3.1.12 (3.1.12)
 (C:\Users\barof\AppData\Local\Programs\MiKTeX\tex/generic/pgf/libraries\pgflibraryplothandlers.code.tex
File: pgflibraryplothandlers.code.tex 2026-08-01 v3.1.12 (3.1.12)
\pgf@plot@mark@count=\count515
\pgfplotmarksize=\dimen325
)
\tikz@lastx=\dimen326
\tikz@lasty=\dimen327
\tikz@lastxsaved=\dimen328
\tikz@lastysaved=\dimen329
\tikz@lastmovetox=\dimen330
\tikz@lastmovetoy=\dimen331
\tikzleveldistance=\dimen332
\tikzsiblingdistance=\dimen333
\tikz@figbox=\box113
\tikz@figbox@bg=\box114
\tikz@tempbox=\box115
\tikz@tempbox@bg=\box116
\tikztreelevel=\count516
\tikznumberofchildren=\count517
\tikznumberofcurrentchild=\count518
\tikz@fig@count=\count519
 (C:\Users\barof\AppData\Local\Programs\MiKTeX\tex/generic/pgf/modules\pgfmodulematrix.code.tex
File: pgfmodulematrix.code.tex 2026-08-01 v3.1.12 (3.1.12)
\pgfmatrixcurrentrow=\count520
\pgfmatrixcurrentcolumn=\count521
\pgf@matrix@numberofcolumns=\count522
)
\tikz@expandcount=\count523
 (C:\Users\barof\AppData\Local\Programs\MiKTeX\tex/generic/pgf/frontendlayer/tikz/libraries\tikzlibrarytopaths.code.tex
File: tikzlibrarytopaths.code.tex 2026-08-01 v3.1.12 (3.1.12)
))) (C:\Users\barof\AppData\Local\Programs\MiKTeX\tex/generic/pgf/frontendlayer/tikz/libraries\tikzlibrarybackgrounds.code.tex
File: tikzlibrarybackgrounds.code.tex 2026-08-01 v3.1.12 (3.1.12)
\pgf@layerbox@background=\box117
\pgf@layerboxsaved@background=\box118
) (C:\Users\barof\AppData\Local\Programs\MiKTeX\tex/generic/pgf/frontendlayer/tikz/libraries\tikzlibrarycalc.code.tex
File: tikzlibrarycalc.code.tex 2026-08-01 v3.1.12 (3.1.12)
) (C:\Users\barof\AppData\Local\Programs\MiKTeX\tex/generic/pgf/frontendlayer/tikz/libraries\tikzlibraryshadows.code.tex
File: tikzlibraryshadows.code.tex 2026-08-01 v3.1.12 (3.1.12)
 (C:\Users\barof\AppData\Local\Programs\MiKTeX\tex/generic/pgf/frontendlayer/tikz/libraries\tikzlibraryfadings.code.tex
File: tikzlibraryfadings.code.tex 2026-08-01 v3.1.12 (3.1.12)
 (C:\Users\barof\AppData\Local\Programs\MiKTeX\tex/generic/pgf/libraries\pgflibraryfadings.code.tex
File: pgflibraryfadings.code.tex 2026-08-01 v3.1.12 (3.1.12)
))) (C:\Users\barof\AppData\Local\Programs\MiKTeX\tex/generic/pgf/frontendlayer/tikz/libraries\tikzlibrarypositioning.code.tex
File: tikzlibrarypositioning.code.tex 2026-08-01 v3.1.12 (3.1.12)
) (C:\Users\barof\AppData\Local\Programs\MiKTeX\tex/generic/pgf/frontendlayer/tikz/libraries\tikzlibraryfit.code.tex
File: tikzlibraryfit.code.tex 2026-08-01 v3.1.12 (3.1.12)
) (C:\Users\barof\AppData\Local\Programs\MiKTeX\tex/latex/apptools\apptools.sty
Package: apptools 2012/11/28 v1.0 Tools for customizing appendices
) (C:\Users\barof\AppData\Local\Programs\MiKTeX\tex/latex/psnfss\pifont.sty
Package: pifont 2020/03/25 PSNFSS-v9.3 Pi font support (SPQR) 
LaTeX Font Info:    Trying to load font information for U+pzd on input line 63.
 (C:\Users\barof\AppData\Local\Programs\MiKTeX\tex/latex/psnfss\upzd.fd
File: upzd.fd 2001/06/04 font definitions for U/pzd.
)
LaTeX Font Info:    Trying to load font information for U+psy on input line 64.
 (C:\Users\barof\AppData\Local\Programs\MiKTeX\tex/latex/psnfss\upsy.fd
File: upsy.fd 2001/06/04 font definitions for U/psy.
)) (C:\Users\barof\AppData\Local\Programs\MiKTeX\tex/latex/manfnt\manfnt.sty
Package: manfnt 1999/07/010.2LaTeX2e manfnt package
\dbend@height=\skip87
) (C:\Users\barof\AppData\Local\Programs\MiKTeX\tex/latex/bbding\bbding.sty
Package: bbding 1999/04/15 v1.01 Dingbats symbols
) (C:\Users\barof\AppData\Local\Programs\MiKTeX\tex/latex/tcolorbox\tcolorbox.sty
Package: tcolorbox 2026/05/28 version 6.10.0 text color boxes
 (C:\Users\barof\AppData\Local\Programs\MiKTeX\tex/latex/tools\verbatim.sty
Package: verbatim 2024-01-22 v1.5x LaTeX2e package for verbatim enhancements
\every@verbatim=\toks44
\verbatim@line=\toks45
\verbatim@in@stream=\read5
) (C:\Users\barof\AppData\Local\Programs\MiKTeX\tex/latex/environ\environ.sty
Package: environ 2014/05/04 v0.3 A new way to define environments
 (C:\Users\barof\AppData\Local\Programs\MiKTeX\tex/latex/trimspaces\trimspaces.sty
Package: trimspaces 2009/09/17 v1.1 Trim spaces around a token list
))
\tcb@titlebox=\box119
\tcb@upperbox=\box120
\tcb@lowerbox=\box121
\tcb@phantombox=\box122
\c@tcbbreakpart=\count524
\c@tcblayer=\count525
\c@tcolorbox@number=\count526
\l__tcobox_tmpa_box=\box123
\l__tcobox_tmpa_dim=\dimen334
\tcb@temp=\box124
\tcb@temp=\box125
\tcb@temp=\box126
\tcb@temp=\box127
 (C:\Users\barof\AppData\Local\Programs\MiKTeX\tex/latex/tcolorbox\tcbraster.code.tex
Library (tcolorbox): 'tcbraster.code.tex' version '6.10.0'
\c@tcbrastercolumn=\count527
\c@tcbrasterrow=\count528
\c@tcbrasternum=\count529
\c@tcbraster=\count530
) (C:\Users\barof\AppData\Local\Programs\MiKTeX\tex/latex/tcolorbox\tcbskins.code.tex
Library (tcolorbox): 'tcbskins.code.tex' version '6.10.0'
(C:\Users\barof\AppData\Local\Programs\MiKTeX\tex/latex/tikzfill\tikzfill.image.sty
Package: tikzfill.image 2026/04/23 v1.2.0 Image filling library for TikZ
 (C:\Users\barof\AppData\Local\Programs\MiKTeX\tex/latex/tikzfill\tikzlibraryfill.image.code.tex
File: tikzlibraryfill.image.code.tex 2026/04/23 v1.2.0 Image filling library
\l__tikzfill_tmpa_dim=\dimen335
\l__tikzfill_tmpb_dim=\dimen336
\l__tikzfill_img_box=\box128
)) (C:\Users\barof\AppData\Local\Programs\MiKTeX\tex/latex/tcolorbox\tcbskinsjigsaw.code.tex
Library (tcolorbox): 'tcbskinsjigsaw.code.tex' version '6.10.0'
)) (C:\Users\barof\AppData\Local\Programs\MiKTeX\tex/latex/tcolorbox\tcbbreakable.code.tex
Library (tcolorbox): 'tcbbreakable.code.tex' version '6.10.0'
(C:\Users\barof\AppData\Local\Programs\MiKTeX\tex/latex/pdfcol\pdfcol.sty
Package: pdfcol 2022-09-21 v1.7 Handle new color stacks for pdfTeX (HO)
)
Package pdfcol Info: New color stack `tcb@breakable' = 1 on input line 23.
\tcb@testbox=\box129
\tcb@totalupperbox=\box130
\tcb@totallowerbox=\box131
) (C:\Users\barof\AppData\Local\Programs\MiKTeX\tex/latex/tcolorbox\tcbhooks.code.tex
Library (tcolorbox): 'tcbhooks.code.tex' version '6.10.0'
) (C:\Users\barof\AppData\Local\Programs\MiKTeX\tex/latex/tcolorbox\tcbtheorems.code.tex
Library (tcolorbox): 'tcbtheorems.code.tex' version '6.10.0'
) (C:\Users\barof\AppData\Local\Programs\MiKTeX\tex/latex/tcolorbox\tcbfitting.code.tex
Library (tcolorbox): 'tcbfitting.code.tex' version '6.10.0'
\tcbfitdim=\dimen337
\tcb@lowerfitdim=\dimen338
\tcb@upperfitdim=\dimen339
\tcb@cur@hbadness=\count531
))
\c@tcb@cnt@theorem=\count532
\c@tcb@cnt@definition=\count533
\c@tcb@cnt@postulate=\count534
\c@tcb@cnt@axiom=\count535
\c@tcb@cnt@corollary=\count536
\c@tcb@cnt@lemma=\count537
\c@tcb@cnt@proposition=\count538
\c@exam=\count539
\c@exer=\count540
\c@prob=\count541
 (C:\Users\barof\AppData\Local\Programs\MiKTeX\tex/latex/adforn\adforn.sty (C:\Users\barof\AppData\Local\Programs\MiKTeX\tex/latex/svn-prov\svn-prov.sty
Package: svn-prov 2010/04/24 v3.1862 Package Date/Version from SVN Keywords
)
Package: adforn 2026/02/25 v1.4 (SVN Rev: 11696)
 (C:\Users\barof\AppData\Local\Programs\MiKTeX\tex/latex/fixtounicode\fixtounicode.sty
Package: fixtounicode 2026/02/24 v0.1.1 11683 Fix missing tounicode values in TeX fonts
)

Package fixtounicode Info: Package fixtounicode Info:: Mapping
(fixtounicode)             tfm:OrnementsADF/parenleft -> 2B98 on line 311


Package fixtounicode Info: Package fixtounicode Info:: Mapping
(fixtounicode)             tfm:OrnementsADF/parenright -> 2B9A on line 311


Package fixtounicode Info: Package fixtounicode Info:: Mapping
(fixtounicode)             tfm:OrnementsADF/zero -> 273F on line 311


Package fixtounicode Info: Package fixtounicode Info:: Mapping
(fixtounicode)             tfm:OrnementsADF/one -> 2748 on line 311


Package fixtounicode Info: Package fixtounicode Info:: Mapping
(fixtounicode)             tfm:OrnementsADF/two -> 2747 on line 311


Package fixtounicode Info: Package fixtounicode Info:: Mapping
(fixtounicode)             tfm:OrnementsADF/three -> 274A on line 311


Package fixtounicode Info: Package fixtounicode Info:: Mapping
(fixtounicode)             tfm:OrnementsADF/four -> 274B on line 311


Package fixtounicode Info: Package fixtounicode Info:: Mapping
(fixtounicode)             tfm:OrnementsADF/five -> 2747 on line 311


Package fixtounicode Info: Package fixtounicode Info:: Mapping
(fixtounicode)             tfm:OrnementsADF/six -> 2748 on line 311


Package fixtounicode Info: Package fixtounicode Info:: Mapping
(fixtounicode)             tfm:OrnementsADF/seven -> 274A on line 311


Package fixtounicode Info: Package fixtounicode Info:: Mapping
(fixtounicode)             tfm:OrnementsADF/eight -> 273F on line 311


Package fixtounicode Info: Package fixtounicode Info:: Mapping
(fixtounicode)             tfm:OrnementsADF/nine -> 273F on line 311


Package fixtounicode Info: Package fixtounicode Info:: Mapping
(fixtounicode)             tfm:OrnementsADF/less -> 2619 on line 311


Package fixtounicode Info: Package fixtounicode Info:: Mapping
(fixtounicode)             tfm:OrnementsADF/equal -> 2B26 on line 311


Package fixtounicode Info: Package fixtounicode Info:: Mapping
(fixtounicode)             tfm:OrnementsADF/greater -> 2767 on line 311


Package fixtounicode Info: Package fixtounicode Info:: Mapping
(fixtounicode)             tfm:OrnementsADF/A -> 0020 on line 311


Package fixtounicode Info: Package fixtounicode Info:: Mapping
(fixtounicode)             tfm:OrnementsADF/B -> 0020 on line 311


Package fixtounicode Info: Package fixtounicode Info:: Mapping
(fixtounicode)             tfm:OrnementsADF/C -> 0020 on line 311


Package fixtounicode Info: Package fixtounicode Info:: Mapping
(fixtounicode)             tfm:OrnementsADF/D -> 0020 on line 311


Package fixtounicode Info: Package fixtounicode Info:: Mapping
(fixtounicode)             tfm:OrnementsADF/E -> 0020 on line 311


Package fixtounicode Info: Package fixtounicode Info:: Mapping
(fixtounicode)             tfm:OrnementsADF/F -> 0020 on line 311


Package fixtounicode Info: Package fixtounicode Info:: Mapping
(fixtounicode)             tfm:OrnementsADF/G -> 0020 on line 311


Package fixtounicode Info: Package fixtounicode Info:: Mapping
(fixtounicode)             tfm:OrnementsADF/H -> 0020 on line 311


Package fixtounicode Info: Package fixtounicode Info:: Mapping
(fixtounicode)             tfm:OrnementsADF/I -> 0020 on line 311


Package fixtounicode Info: Package fixtounicode Info:: Mapping
(fixtounicode)             tfm:OrnementsADF/J -> 0020 on line 311


Package fixtounicode Info: Package fixtounicode Info:: Mapping
(fixtounicode)             tfm:OrnementsADF/K -> 0020 on line 311


Package fixtounicode Info: Package fixtounicode Info:: Mapping
(fixtounicode)             tfm:OrnementsADF/L -> 1F654 on line 311


Package fixtounicode Info: Package fixtounicode Info:: Mapping
(fixtounicode)             tfm:OrnementsADF/M -> 1F654 on line 311


Package fixtounicode Info: Package fixtounicode Info:: Mapping
(fixtounicode)             tfm:OrnementsADF/N -> 1F65B on line 311


Package fixtounicode Info: Package fixtounicode Info:: Mapping
(fixtounicode)             tfm:OrnementsADF/O -> 2767 on line 311


Package fixtounicode Info: Package fixtounicode Info:: Mapping
(fixtounicode)             tfm:OrnementsADF/P -> 2767 on line 311


Package fixtounicode Info: Package fixtounicode Info:: Mapping
(fixtounicode)             tfm:OrnementsADF/Q -> 1F660 on line 311


Package fixtounicode Info: Package fixtounicode Info:: Mapping
(fixtounicode)             tfm:OrnementsADF/R -> 2766 on line 311


Package fixtounicode Info: Package fixtounicode Info:: Mapping
(fixtounicode)             tfm:OrnementsADF/S -> 2767 on line 311


Package fixtounicode Info: Package fixtounicode Info:: Mapping
(fixtounicode)             tfm:OrnementsADF/T -> 2766 on line 311


Package fixtounicode Info: Package fixtounicode Info:: Mapping
(fixtounicode)             tfm:OrnementsADF/U -> 2767 on line 311


Package fixtounicode Info: Package fixtounicode Info:: Mapping
(fixtounicode)             tfm:OrnementsADF/V -> 2767 on line 311


Package fixtounicode Info: Package fixtounicode Info:: Mapping
(fixtounicode)             tfm:OrnementsADF/W -> 2767 on line 311


Package fixtounicode Info: Package fixtounicode Info:: Mapping
(fixtounicode)             tfm:OrnementsADF/X -> 2766 on line 311


Package fixtounicode Info: Package fixtounicode Info:: Mapping
(fixtounicode)             tfm:OrnementsADF/Y -> 2767 on line 311


Package fixtounicode Info: Package fixtounicode Info:: Mapping
(fixtounicode)             tfm:OrnementsADF/Z -> 2767 on line 311


Package fixtounicode Info: Package fixtounicode Info:: Mapping
(fixtounicode)             tfm:OrnementsADF/bracketleft -> 2B9C on line 311


Package fixtounicode Info: Package fixtounicode Info:: Mapping
(fixtounicode)             tfm:OrnementsADF/bracketright -> 2B9E on line 311


Package fixtounicode Info: Package fixtounicode Info:: Mapping
(fixtounicode)             tfm:OrnementsADF/a -> 0020 on line 311


Package fixtounicode Info: Package fixtounicode Info:: Mapping
(fixtounicode)             tfm:OrnementsADF/b -> 0020 on line 311


Package fixtounicode Info: Package fixtounicode Info:: Mapping
(fixtounicode)             tfm:OrnementsADF/c -> 0020 on line 311


Package fixtounicode Info: Package fixtounicode Info:: Mapping
(fixtounicode)             tfm:OrnementsADF/d -> 0020 on line 311


Package fixtounicode Info: Package fixtounicode Info:: Mapping
(fixtounicode)             tfm:OrnementsADF/e -> 0020 on line 311


Package fixtounicode Info: Package fixtounicode Info:: Mapping
(fixtounicode)             tfm:OrnementsADF/f -> 0020 on line 311


Package fixtounicode Info: Package fixtounicode Info:: Mapping
(fixtounicode)             tfm:OrnementsADF/g -> 0020 on line 311


Package fixtounicode Info: Package fixtounicode Info:: Mapping
(fixtounicode)             tfm:OrnementsADF/h -> 0020 on line 311


Package fixtounicode Info: Package fixtounicode Info:: Mapping
(fixtounicode)             tfm:OrnementsADF/i -> 0020 on line 311


Package fixtounicode Info: Package fixtounicode Info:: Mapping
(fixtounicode)             tfm:OrnementsADF/j -> 0020 on line 311


Package fixtounicode Info: Package fixtounicode Info:: Mapping
(fixtounicode)             tfm:OrnementsADF/k -> 0020 on line 311


Package fixtounicode Info: Package fixtounicode Info:: Mapping
(fixtounicode)             tfm:OrnementsADF/l -> 1F651 on line 311


Package fixtounicode Info: Package fixtounicode Info:: Mapping
(fixtounicode)             tfm:OrnementsADF/m -> 1F651 on line 311


Package fixtounicode Info: Package fixtounicode Info:: Mapping
(fixtounicode)             tfm:OrnementsADF/n -> 1F658 on line 311


Package fixtounicode Info: Package fixtounicode Info:: Mapping
(fixtounicode)             tfm:OrnementsADF/o -> 2619 on line 311


Package fixtounicode Info: Package fixtounicode Info:: Mapping
(fixtounicode)             tfm:OrnementsADF/p -> 2619 on line 311


Package fixtounicode Info: Package fixtounicode Info:: Mapping
(fixtounicode)             tfm:OrnementsADF/q -> 1F662 on line 311


Package fixtounicode Info: Package fixtounicode Info:: Mapping
(fixtounicode)             tfm:OrnementsADF/r -> 2766 on line 311


Package fixtounicode Info: Package fixtounicode Info:: Mapping
(fixtounicode)             tfm:OrnementsADF/s -> 2619 on line 311


Package fixtounicode Info: Package fixtounicode Info:: Mapping
(fixtounicode)             tfm:OrnementsADF/t -> 2766 on line 311


Package fixtounicode Info: Package fixtounicode Info:: Mapping
(fixtounicode)             tfm:OrnementsADF/u -> 2619 on line 311


Package fixtounicode Info: Package fixtounicode Info:: Mapping
(fixtounicode)             tfm:OrnementsADF/v -> 2619 on line 311


Package fixtounicode Info: Package fixtounicode Info:: Mapping
(fixtounicode)             tfm:OrnementsADF/w -> 2619 on line 311


Package fixtounicode Info: Package fixtounicode Info:: Mapping
(fixtounicode)             tfm:OrnementsADF/x -> 2619 on line 311


Package fixtounicode Info: Package fixtounicode Info:: Mapping
(fixtounicode)             tfm:OrnementsADF/y -> 2619 on line 311


Package fixtounicode Info: Package fixtounicode Info:: Mapping
(fixtounicode)             tfm:OrnementsADF/z -> 2619 on line 311


Package fixtounicode Info: Package fixtounicode Info:: Mapping
(fixtounicode)             tfm:OrnementsADF/braceleft -> 1F66C on line 311


Package fixtounicode Info: Package fixtounicode Info:: Mapping
(fixtounicode)             tfm:OrnementsADF/bar -> 274F on line 311


Package fixtounicode Info: Package fixtounicode Info:: Mapping
(fixtounicode)             tfm:OrnementsADF/braceright -> 1F66E on line 311


Package fixtounicode Info: Package fixtounicode Info:: Mapping
(fixtounicode)             tfm:OrnementsADF/bullet -> 2022 on line 311


Package fixtounicode Info: Package fixtounicode Info:: Mapping
(fixtounicode)             tfm:OrnementsADF/section -> 00A7 on line 311


Package fixtounicode Info: Package fixtounicode Info:: Mapping
(fixtounicode)             tfm:OrnementsADF/paragraph -> 2761 on line 311

) (C:\Users\barof\AppData\Local\Programs\MiKTeX\tex/latex/fancyhdr\fancyhdr.sty
Package: fancyhdr 2025/02/07 v5.2 Extensive control of page headers and footers
\f@nch@headwidth=\skip88
\f@nch@offset@elh=\skip89
\f@nch@offset@erh=\skip90
\f@nch@offset@olh=\skip91
\f@nch@offset@orh=\skip92
\f@nch@offset@elf=\skip93
\f@nch@offset@erf=\skip94
\f@nch@offset@olf=\skip95
\f@nch@offset@orf=\skip96
\f@nch@height=\skip97
\f@nch@footalignment=\skip98
\f@nch@widthL=\skip99
\f@nch@widthC=\skip100
\f@nch@widthR=\skip101
\@temptokenb=\toks46
) (C:\Users\barof\AppData\Local\Programs\MiKTeX\tex/latex/listings\listings.sty
\lst@mode=\count542
\lst@gtempboxa=\box132
\lst@token=\toks47
\lst@length=\count543
\lst@currlwidth=\dimen340
\lst@column=\count544
\lst@pos=\count545
\lst@lostspace=\dimen341
\lst@width=\dimen342
\lst@newlines=\count546
\lst@lineno=\count547
\lst@maxwidth=\dimen343
 (C:\Users\barof\AppData\Local\Programs\MiKTeX\tex/latex/listings\lstpatch.sty
File: lstpatch.sty 2025/11/14 1.11b (Carsten Heinz)
) (C:\Users\barof\AppData\Local\Programs\MiKTeX\tex/latex/listings\lstmisc.sty
File: lstmisc.sty 2025/11/14 1.11b (Carsten Heinz)
\c@lstnumber=\count548
\lst@skipnumbers=\count549
\lst@framebox=\box133
) (C:\Users\barof\AppData\Local\Programs\MiKTeX\tex/latex/listings\listings.cfg
File: listings.cfg 2025/11/14 1.11b listings configuration
))
Package: listings 2025/11/14 1.11b (Carsten Heinz)
 (C:\Users\barof\AppData\Local\Programs\MiKTeX\tex/latex/listings\lstlang1.sty
File: lstlang1.sty 2025/11/14 1.11b listings language file
) (C:\Users\barof\AppData\Local\Programs\MiKTeX\tex/latex/listings\lstlang2.sty
File: lstlang2.sty 2025/11/14 1.11b listings language file
) (C:\Users\barof\AppData\Local\Programs\MiKTeX\tex/latex/listings\lstlang3.sty
File: lstlang3.sty 2025/11/14 1.11b listings language file
) (C:\Users\barof\AppData\Local\Programs\MiKTeX\tex/latex/listings\lstlang1.sty
File: lstlang1.sty 2025/11/14 1.11b listings language file
) (C:\Users\barof\AppData\Local\Programs\MiKTeX\tex/latex/listings\lstlang2.sty
File: lstlang2.sty 2025/11/14 1.11b listings language file
) (C:\Users\barof\AppData\Local\Programs\MiKTeX\tex/latex/listings\lstlang3.sty
File: lstlang3.sty 2025/11/14 1.11b listings language file
) (C:\Users\barof\AppData\Local\Programs\MiKTeX\tex/latex/listings\lstlang1.sty
File: lstlang1.sty 2025/11/14 1.11b listings language file
) (C:\Users\barof\AppData\Local\Programs\MiKTeX\tex/latex/listings\lstlang2.sty
File: lstlang2.sty 2025/11/14 1.11b listings language file
) (C:\Users\barof\AppData\Local\Programs\MiKTeX\tex/latex/listings\lstlang3.sty
File: lstlang3.sty 2025/11/14 1.11b listings language file
) (C:\Users\barof\AppData\Local\Programs\MiKTeX\tex/latex/listings\lstmisc.sty
File: lstmisc.sty 2025/11/14 1.11b (Carsten Heinz)
) (C:\Users\barof\AppData\Local\Programs\MiKTeX\tex/latex/tools\bm.sty
Package: bm 2025/10/21 v1.2g Bold Symbol Support (DPC/FMi)
Package bm Info: No bold for \OMX/cmex/m/n, using \pmb.
Package bm Info: No bold for \U/rsfs/m/n, using \pmb.
Package bm Info: No bold for \U/msa/m/n, using \pmb.
Package bm Info: No bold for \U/msb/m/n, using \pmb.
) (C:\Users\barof\AppData\Local\Programs\MiKTeX\tex/latex/tools\calc.sty
Package: calc 2025/03/01 v4.3b Infix arithmetic (KKT,FJ)
\calc@Acount=\count550
\calc@Bcount=\count551
\calc@Adimen=\dimen344
\calc@Bdimen=\dimen345
\calc@Askip=\skip102
\calc@Bskip=\skip103
LaTeX Info: Redefining \setlength on input line 86.
LaTeX Info: Redefining \addtolength on input line 87.
\calc@Ccount=\count552
\calc@Cskip=\skip104
) (C:\Users\barof\AppData\Local\Programs\MiKTeX\tex/latex/tocloft\tocloft.sty
Package: tocloft 2026-08-21 v3.0b parameterised ToC, etc., typesetting
Package tocloft Info: The document has chapter divisions on input line 64.
\cftparskip=\skip105
\cftbeforetoctitleskip=\skip106
\cftaftertoctitleskip=\skip107
\cftbeforepartskip=\skip108
\cftpartnumwidth=\skip109
\cftpartindent=\skip110
\cftbeforechapskip=\skip111
\cftchapindent=\skip112
\cftchapnumwidth=\skip113
\cftbeforesecskip=\skip114
\cftsecindent=\skip115
\cftsecnumwidth=\skip116
\cftbeforesubsecskip=\skip117
\cftsubsecindent=\skip118
\cftsubsecnumwidth=\skip119
\cftbeforesubsubsecskip=\skip120
\cftsubsubsecindent=\skip121
\cftsubsubsecnumwidth=\skip122
\cftbeforeparaskip=\skip123
\cftparaindent=\skip124
\cftparanumwidth=\skip125
\cftbeforesubparaskip=\skip126
\cftsubparaindent=\skip127
\cftsubparanumwidth=\skip128
\cftbeforeloftitleskip=\skip129
\cftafterloftitleskip=\skip130
\cftbeforefigskip=\skip131
\cftfigindent=\skip132
\cftfignumwidth=\skip133
\c@lofdepth=\count553
\c@lotdepth=\count554
\cftbeforelottitleskip=\skip134
\cftafterlottitleskip=\skip135
\cftbeforetabskip=\skip136
\cfttabindent=\skip137
\cfttabnumwidth=\skip138
)) (preamble.tex
\c@latihan=\count555
Package hyperref Info: Option `colorlinks' set `true' on input line 264.
)
Package csquotes Info: Checking for multilingual support...
Package csquotes Info: ... none found.
LaTeX Font Info:    Trying to load font information for OT1+ntxtlf on input line 31.
 (C:\Users\barof\AppData\Local\Programs\MiKTeX\tex/latex/newtx\ot1ntxtlf.fd
File: ot1ntxtlf.fd 2021/05/24 v1.0 font definition file for OT1/ntx/tlf
)
LaTeX Font Info:    Font shape `OT1/ntxtlf/m/n' will be
(Font)              scaled to size 10.95pt on input line 31.
 (main.aux

LaTeX Warning: Label `lst:m01-halo' multiply defined.

)
\openout1 = `main.aux'.

LaTeX Font Info:    Checking defaults for OML/cmm/m/it on input line 31.
LaTeX Font Info:    ... okay on input line 31.
LaTeX Font Info:    Checking defaults for OMS/cmsy/m/n on input line 31.
LaTeX Font Info:    ... okay on input line 31.
LaTeX Font Info:    Checking defaults for OT1/cmr/m/n on input line 31.
LaTeX Font Info:    ... okay on input line 31.
LaTeX Font Info:    Checking defaults for T1/cmr/m/n on input line 31.
LaTeX Font Info:    ... okay on input line 31.
LaTeX Font Info:    Checking defaults for TS1/cmr/m/n on input line 31.
LaTeX Font Info:    ... okay on input line 31.
LaTeX Font Info:    Checking defaults for OMX/cmex/m/n on input line 31.
LaTeX Font Info:    ... okay on input line 31.
LaTeX Font Info:    Checking defaults for U/cmr/m/n on input line 31.
LaTeX Font Info:    ... okay on input line 31.
LaTeX Font Info:    Checking defaults for PD1/pdf/m/n on input line 31.
LaTeX Font Info:    ... okay on input line 31.
LaTeX Font Info:    Checking defaults for PU/pdf/m/n on input line 31.
LaTeX Font Info:    ... okay on input line 31.
Package hyperref Info: Link coloring ON on input line 31.
 (main.out) (main.out)
\@outlinefile=\write7
\openout7 = `main.out'.


*geometry* driver: auto-detecting
*geometry* detected driver: pdftex
*geometry* verbose mode - [ preamble ] result:
* driver: pdftex
* paper: a4paper
* layout: <same size as paper>
* layoutoffset:(h,v)=(0.0pt,0.0pt)
* modes: 
* h-part:(L,W,R)=(56.9055pt, 483.69687pt, 56.9055pt)
* v-part:(T,H,B)=(72.26997pt, 700.5069pt, 72.26997pt)
* \paperwidth=597.50787pt
* \paperheight=845.04684pt
* \textwidth=483.69687pt
* \textheight=700.5069pt
* \oddsidemargin=-15.36449pt
* \evensidemargin=-15.36449pt
* \topmargin=-73.12352pt
* \headheight=61.74242pt
* \headsep=11.38109pt
* \topskip=11.0pt
* \footskip=34.1433pt
* \marginparwidth=53.0pt
* \marginparsep=7.0pt
* \columnsep=10.0pt
* \skip\footins=10.0pt plus 4.0pt minus 2.0pt
* \hoffset=0.0pt
* \voffset=0.0pt
* \mag=1000
* \@twocolumnfalse
* \@twosidefalse
* \@mparswitchfalse
* \@reversemarginfalse
* (1in=72.27pt=25.4mm, 1cm=28.453pt)

(C:\Users\barof\AppData\Local\Programs\MiKTeX\tex/context/base/mkii\supp-pdf.mkii
[Loading MPS to PDF converter (version 2006.09.02).]
\scratchcounter=\count556
\scratchdimen=\dimen346
\scratchbox=\box134
\nofMPsegments=\count557
\nofMParguments=\count558
\everyMPshowfont=\toks48
\MPscratchCnt=\count559
\MPscratchDim=\dimen347
\MPnumerator=\count560
\makeMPintoPDFobject=\count561
\everyMPtoPDFconversion=\toks49
) (C:\Users\barof\AppData\Local\Programs\MiKTeX\tex/latex/epstopdf-pkg\epstopdf-base.sty
Package: epstopdf-base 2020-01-24 v2.11 Base part for package epstopdf
 (C:\Users\barof\AppData\Local\Programs\MiKTeX\tex/latex/grfext\grfext.sty
Package: grfext 2019/12/03 v1.3 Manage graphics extensions (HO)
)
Package epstopdf-base Info: Redefining graphics rule for `.eps' on input line 485.
Package grfext Info: Graphics extension search list:
(grfext)             [.pdf,.png,.jpg,.mps,.jpeg,.jbig2,.jb2,.PDF,.PNG,.JPG,.JPEG,.JBIG2,.JB2,.eps]
(grfext)             \AppendGraphicsExtensions on input line 504.
 (C:\Users\barof\AppData\Local\Programs\MiKTeX\tex/latex/00miktex\epstopdf-sys.cfg
File: epstopdf-sys.cfg 2021/03/18 v2.0 Configuration of epstopdf for MiKTeX
))
\c@mv@tabular=\count562
\c@mv@boldtabular=\count563
Package caption Info: Begin \AtBeginDocument code.
Package caption Info: listings package is loaded.
Package caption Info: End \AtBeginDocument code.
 (C:\Users\barof\AppData\Local\Programs\MiKTeX\tex/latex/footmisc\footmisc.sty
Package: footmisc 2025/05/09 v7.0b a miscellany of footnote facilities
\FN@temptoken=\toks50
\footnotemargin=\dimen348
Package footmisc Info: Declaring symbol style bringhurst on input line 549.
Package footmisc Info: Declaring symbol style chicago on input line 557.
Package footmisc Info: Declaring symbol style wiley on input line 566.
Package footmisc Info: Declaring symbol style lamport-robust on input line 577.
Package footmisc Info: Declaring symbol style lamport* on input line 597.
Package footmisc Info: Declaring symbol style lamport*-robust on input line 618.
)
Package biblatex Info: Trying to load language 'english'...
Package biblatex Info: ... file 'english.lbx' found.
 (C:\Users\barof\AppData\Local\Programs\MiKTeX\tex/latex/biblatex/lbx\english.lbx
File: english.lbx 2026/08/13 v3.22 biblatex localization (PK/MW)
)
Package biblatex Info: Input encoding 'utf8' detected.
Package biblatex Info: Automatic encoding selection.
(biblatex)             Assuming data encoding 'utf8'.
\openout5 = `main.bcf'.

Package biblatex Info: Trying to load bibliographic data...
Package biblatex Info: ... file 'main.bbl' found.
 (main.bbl)
Package biblatex Info: Reference section=0 on input line 31.
Package biblatex Info: Reference segment=0 on input line 31.
\c@lstlisting=\count564
Package hyperref Info: Option `pageanchor' set `false' on input line 33.
*geometry* verbose mode - [ newgeometry ] result:
* driver: pdftex
* paper: a4paper
* layout: <same size as paper>
* layoutoffset:(h,v)=(0.0pt,0.0pt)
* modes: 
* h-part:(L,W,R)=(0.0pt, 597.50787pt, 0.0pt)
* v-part:(T,H,B)=(0.0pt, 845.04684pt, 0.0pt)
* \paperwidth=597.50787pt
* \paperheight=845.04684pt
* \textwidth=597.50787pt
* \textheight=845.04684pt
* \oddsidemargin=-72.26999pt
* \evensidemargin=-72.26999pt
* \topmargin=-145.3935pt
* \headheight=61.74242pt
* \headsep=11.38109pt
* \topskip=11.0pt
* \footskip=34.1433pt
* \marginparwidth=53.0pt
* \marginparsep=7.0pt
* \columnsep=10.0pt
* \skip\footins=10.0pt plus 4.0pt minus 2.0pt
* \hoffset=0.0pt
* \voffset=0.0pt
* \mag=1000
* \@twocolumnfalse
* \@twosidefalse
* \@mparswitchfalse
* \@reversemarginfalse
* (1in=72.27pt=25.4mm, 1cm=28.453pt)

<example-image.pdf, id=734, 321.2pt x 240.9pt>
File: example-image.pdf Graphic file (type pdf)
<use example-image.pdf>
Package pdftex.def Info: example-image.pdf  used on input line 33.
(pdftex.def)             Requested size: 597.50787pt x 448.14655pt.

Underfull \hbox (badness 10000) in paragraph at lines 33--33

 []

LaTeX Font Info:    Font shape `OT1/ntxtlf/b/n' will be
(Font)              scaled to size 10.95pt on input line 33.
LaTeX Font Info:    Font shape `OT1/ntxtlf/b/n' will be
(Font)              scaled to size 24.88pt on input line 33.
LaTeX Font Info:    Trying to load font information for U+rsfs on input line 33.
(C:\Users\barof\AppData\Local\Programs\MiKTeX\tex/latex/jknappen\ursfs.fd
File: ursfs.fd 1998/03/24 rsfs font definition file (jk)
)
LaTeX Font Info:    Trying to load font information for U+msa on input line 33.
 (C:\Users\barof\AppData\Local\Programs\MiKTeX\tex/latex/amsfonts\umsa.fd
File: umsa.fd 2013/01/14 v3.01 AMS symbols A
)
LaTeX Font Info:    Trying to load font information for U+msb on input line 33.
 (C:\Users\barof\AppData\Local\Programs\MiKTeX\tex/latex/amsfonts\umsb.fd
File: umsb.fd 2013/01/14 v3.01 AMS symbols B
)
LaTeX Font Info:    Font shape `OT1/ntxtlf/b/n' will be
(Font)              scaled to size 14.4pt on input line 33.
LaTeX Font Info:    Font shape `OT1/ntxtlf/m/it' will be
(Font)              scaled to size 10.95pt on input line 33.
 [1



{C:/Users/barof/AppData/Local/MiKTeX/fonts/map/pdftex/pdftex.map}{C:/Users/barof/AppData/Local/Programs/MiKTeX/fonts/enc/dvips/newtx/ntx-ot1-tlf.enc} <C:/Users/barof/AppData/Local/Programs/MiKTeX/tex/latex/mwe/example-image.pdf>]
LaTeX Font Info:    Font shape `OT1/ntxtlf/b/n' will be
(Font)              scaled to size 17.28pt on input line 36.
 (main.toc [1



]
LaTeX Font Info:    Trying to load font information for OT1+lmtt on input line 129.
 (C:\Users\barof\AppData\Local\Programs\MiKTeX\tex/latex/lm\ot1lmtt.fd
File: ot1lmtt.fd 2015/05/01 v1.6.1 Font defs for Latin Modern
)
LaTeX Font Info:    Font shape `OT1/ntxtlf/m/n' will be
(Font)              scaled to size 10.0pt on input line 131.
 [2{C:/Users/barof/AppData/Local/Programs/MiKTeX/fonts/enc/dvips/lm/lm-rmtt.enc}] [3] [4])
\tf@toc=\write8
\openout8 = `main.toc'.

 [5] (main.lof)
\tf@lof=\write9
\openout9 = `main.lof'.

 [6

] (main.lot [7

])
\tf@lot=\write10
\openout10 = `main.lot'.

 [8] (chapters/minggu-01.tex
Bab 1.
LaTeX Font Info:    Font shape `OT1/ntxtlf/b/it' will be
(Font)              scaled to size 14.4pt on input line 65.
[1


]
LaTeX Font Info:    Font shape `OT1/ntxtlf/b/n' will be
(Font)              scaled to size 12.0pt on input line 86.
 (C:\Users\barof\AppData\Local\Programs\MiKTeX\tex/latex/listings\lstlang1.sty
File: lstlang1.sty 2025/11/14 1.11b listings language file
) (C:\Users\barof\AppData\Local\Programs\MiKTeX\tex/latex/listings\lstmisc.sty
File: lstmisc.sty 2025/11/14 1.11b (Carsten Heinz)
)
Package hyperref Info: bookmark level for unknown lstlisting defaults to 0 on input line 131.
<assets/images/minggu-01/vs-code-index.html.png, id=1295, 1925.1925pt x 1032.85875pt>
File: assets/images/minggu-01/vs-code-index.html.png Graphic file (type png)
<use assets/images/minggu-01/vs-code-index.html.png>
Package pdftex.def Info: assets/images/minggu-01/vs-code-index.html.png  used on input line 143.
(pdftex.def)             Requested size: 411.14528pt x 220.56308pt.
 [2]
<assets/images/minggu-01/browser-halo-dunia.png, id=1318, 959.585pt x 240.9pt>
File: assets/images/minggu-01/browser-halo-dunia.png Graphic file (type png)
<use assets/images/minggu-01/browser-halo-dunia.png>
Package pdftex.def Info: assets/images/minggu-01/browser-halo-dunia.png  used on input line 151.
(pdftex.def)             Requested size: 386.95897pt x 97.14491pt.
<assets/images/minggu-01/dashboard-github.png, id=1319, 1926.19624pt x 975.645pt>
File: assets/images/minggu-01/dashboard-github.png Graphic file (type png)
<use assets/images/minggu-01/dashboard-github.png>
Package pdftex.def Info: assets/images/minggu-01/dashboard-github.png  used on input line 173.
(pdftex.def)             Requested size: 386.95897pt x 195.989pt.
 [3 <./assets/images/minggu-01/vs-code-index.html.png> <./assets/images/minggu-01/browser-halo-dunia.png>]
LaTeX Font Info:    Font shape `OT1/ntxtlf/b/it' will be
(Font)              scaled to size 12.0pt on input line 192.
 (C:\Users\barof\AppData\Local\Programs\MiKTeX\tex/latex/listings\lstlang1.sty
File: lstlang1.sty 2025/11/14 1.11b listings language file
) (C:\Users\barof\AppData\Local\Programs\MiKTeX\tex/latex/listings\lstlang1.sty
File: lstlang1.sty 2025/11/14 1.11b listings language file
) [4 <./assets/images/minggu-01/dashboard-github.png>]
<assets/images/minggu-01/repository-github.png, id=1358, 954.56625pt x 722.7pt>
File: assets/images/minggu-01/repository-github.png Graphic file (type png)
<use assets/images/minggu-01/repository-github.png>
Package pdftex.def Info: assets/images/minggu-01/repository-github.png  used on input line 235.
(pdftex.def)             Requested size: 386.95897pt x 292.95656pt.
LaTeX Font Info:    Font shape `OT1/ntxtlf/b/it' will be
(Font)              scaled to size 10.95pt on input line 257.
 [5 <./assets/images/minggu-01/repository-github.png>]
<assets/images/minggu-01/perbandingan-url.png, id=1374, 1926.19624pt x 417.56pt>
File: assets/images/minggu-01/perbandingan-url.png Graphic file (type png)
<use assets/images/minggu-01/perbandingan-url.png>
Package pdftex.def Info: assets/images/minggu-01/perbandingan-url.png  used on input line 269.
(pdftex.def)             Requested size: 386.95897pt x 83.88005pt.
LaTeX Font Info:    Font shape `OT1/ntxtlf/b/n' will be
(Font)              scaled to size 10.0pt on input line 306.
LaTeX Font Info:    Font shape `OT1/ntxtlf/m/it' will be
(Font)              scaled to size 10.0pt on input line 308.

Underfull \hbox (badness 10000) in paragraph at lines 310--310
[]|\OT1/ntxtlf/m/n/10 Git meno-lak \OT1/ntxtlf/m/it/10 push \OT1/ntxtlf/m/n/10 karena
 []


Underfull \hbox (badness 1158) in paragraph at lines 311--312
[]|\OT1/ntxtlf/m/n/10 Gunakan \OT1/ntxtlf/b/n/10 Per-sonal Ac-cess To-ken \OT1/ntxtlf/m/n/10 (bukan \OT1/ntxtlf/m/it/10 pass-word
 []


Underfull \hbox (badness 1009) in paragraph at lines 312--312
[]|\OT1/ntxtlf/m/n/10 VS Code menampilkan er-ror
 []

[6 <./assets/images/minggu-01/perbandingan-url.png>]) (chapters/minggu-02.tex [7]
Bab 2.
<assets/images/minggu-02/figma-frame-kosong.png, id=1405, 1926.19624pt x 1083.04625pt>
File: assets/images/minggu-02/figma-frame-kosong.png Graphic file (type png)
<use assets/images/minggu-02/figma-frame-kosong.png>
Package pdftex.def Info: assets/images/minggu-02/figma-frame-kosong.png  used on input line 62.
(pdftex.def)             Requested size: 411.14528pt x 231.16476pt.
[8

] [9 <./assets/images/minggu-02/figma-frame-kosong.png>] [10]
LaTeX Font Info:    Trying to load font information for TS1+lmtt on input line 185.
 (C:\Users\barof\AppData\Local\Programs\MiKTeX\tex/latex/lm\ts1lmtt.fd
File: ts1lmtt.fd 2015/05/01 v1.6.1 Font defs for Latin Modern
)
<assets/images/minggu-02/wireframe-profil-diri.png, id=1443, 1926.19624pt x 1083.04625pt>
File: assets/images/minggu-02/wireframe-profil-diri.png Graphic file (type png)
<use assets/images/minggu-02/wireframe-profil-diri.png>
Package pdftex.def Info: assets/images/minggu-02/wireframe-profil-diri.png  used on input line 190.
(pdftex.def)             Requested size: 411.14528pt x 231.16476pt.

Underfull \hbox (badness 1308) in paragraph at lines 214--214
[]|\OT1/ntxtlf/m/n/10 Pengguna harus tahu apa
 []


Underfull \hbox (badness 1442) in paragraph at lines 216--217
[]|\OT1/ntxtlf/m/n/10 Form in-put harus punya \OT1/ntxtlf/m/it/10 place-
 []

[11{C:/Users/barof/AppData/Local/Programs/MiKTeX/fonts/enc/dvips/lm/lm-ts1.enc} <./assets/images/minggu-02/wireframe-profil-diri.png>]
Underfull \hbox (badness 10000) in paragraph at lines 238--239
[]|\OT1/ntxtlf/m/n/10.95 Tombol ``Hubungi Saya''
 []

[12]
<assets/images/minggu-02/wireframe-portofolio.png, id=1465, 1926.19624pt x 1083.04625pt>
File: assets/images/minggu-02/wireframe-portofolio.png Graphic file (type png)
<use assets/images/minggu-02/wireframe-portofolio.png>
Package pdftex.def Info: assets/images/minggu-02/wireframe-portofolio.png  used on input line 302.
(pdftex.def)             Requested size: 411.14528pt x 231.16476pt.

Underfull \hbox (badness 10000) in paragraph at lines 323--324
[]|\OT1/ntxtlf/m/n/10.95 Saat melakukan pen-car-ian,
 []


Underfull \hbox (badness 10000) in paragraph at lines 323--324
\OT1/ntxtlf/m/n/10.95 bahwa pen-car-i-an-nya sedang
 []


Underfull \hbox (badness 3364) in paragraph at lines 325--326
[]|\OT1/ntxtlf/m/n/10.95 Google mem-bantu mence-gah
 []


Underfull \hbox (badness 5637) in paragraph at lines 325--326
\OT1/ntxtlf/m/n/10.95 saran pen-car-ian ketika kita
 []

<assets/images/minggu-02/webaim-contrast-checker.png, id=1466, 1926.19624pt x 1083.04625pt>
File: assets/images/minggu-02/webaim-contrast-checker.png Graphic file (type png)
<use assets/images/minggu-02/webaim-contrast-checker.png>
Package pdftex.def Info: assets/images/minggu-02/webaim-contrast-checker.png  used on input line 341.
(pdftex.def)             Requested size: 411.14528pt x 231.16476pt.
[13 <./assets/images/minggu-02/wireframe-portofolio.png>]) (chapters/minggu-03.tex [14] [15 <./assets/images/minggu-02/webaim-contrast-checker.png>]
Bab 3.

Underfull \hbox (badness 5578) in paragraph at lines 78--79
[]|\OT1/ntxtlf/m/n/10.95 Memberitahu per-am-ban bahwa ini doku-men
 []


Underfull \hbox (badness 10000) in paragraph at lines 82--82
[]|\OT1/lmtt/m/n/10.95 <meta
 []

[16

] [17]
LaTeX Font Info:    Font shape `OT1/ntxtlf/m/n' will be
(Font)              scaled to size 12.0pt on input line 157.
LaTeX Font Info:    Trying to load font information for OMS+lmtt on input line 157.
LaTeX Font Info:    No file OMSlmtt.fd. on input line 157.


LaTeX Font Warning: Font shape `OMS/lmtt/m/n' undefined
(Font)              using `OMS/cmsy/m/n' instead
(Font)              for symbol `textbackslash' on input line 157.

[18]
Underfull \hbox (badness 10000) in paragraph at lines 183--183
[]|\OT1/lmtt/m/n/10 <div> \OT1/ntxtlf/m/n/10 un-tuk kon-ten
 []


Underfull \hbox (badness 3735) in paragraph at lines 183--183
[]|\OT1/lmtt/m/n/10 <main> \OT1/ntxtlf/m/n/10 un-tuk kon-ten
 []


Underfull \hbox (badness 10000) in paragraph at lines 185--185
[]|\OT1/lmtt/m/n/10 <section> \OT1/ntxtlf/m/n/10 atau
 []


Underfull \hbox (badness 5217) in paragraph at lines 185--186
[]|\OT1/lmtt/m/n/10 <section> \OT1/ntxtlf/m/n/10 = bagian tem-atik;
 []

[19] [20] [21] [22] [23] [24] [25] [26]
Underfull \hbox (badness 10000) in paragraph at lines 579--580
[]|\OT1/ntxtlf/m/n/10 Pastikan \OT1/lmtt/m/n/10 href="#section-id" \OT1/ntxtlf/m/n/10 co-cok den-gan
 []


Underfull \hbox (badness 10000) in paragraph at lines 581--582
[]|\OT1/ntxtlf/m/n/10 Pastikan \OT1/lmtt/m/n/10 <link rel="stylesheet"
 []


Underfull \hbox (badness 3417) in paragraph at lines 581--582
\OT1/lmtt/m/n/10 href="style.css"> \OT1/ntxtlf/m/n/10 ada di \OT1/lmtt/m/n/10 <head>\OT1/ntxtlf/m/n/10 , dan nama
 []


Underfull \hbox (badness 2310) in paragraph at lines 582--583
[]|\OT1/ntxtlf/m/n/10 Tag \OT1/lmtt/m/n/10 <meta name="viewport" ...> \OT1/ntxtlf/m/n/10 harus ada di
 []

) (chapters/minggu-04.tex [27]
Bab 4.
[28

] [29] [30] [31]
Underfull \hbox (badness 1092) in paragraph at lines 253--253
[]|\OT1/ntxtlf/m/it/10 Dropdown \OT1/ntxtlf/m/n/10 (daf-tar pil-i-
 []


Underfull \hbox (badness 7081) in paragraph at lines 254--254
[]|\OT1/ntxtlf/m/n/10 Teks pan-jang (multi-
 []

[32] [33] [34] [35] [36]
Underfull \hbox (badness 10000) in paragraph at lines 500--501
[]|\OT1/lmtt/m/n/10.95 <td
 []

[37] [38] [39] [40] [41] [42] [43] [44]
Underfull \hbox (badness 10000) in paragraph at lines 875--875
[]\OT1/ntxtlf/b/n/10.95 Jalur aset yang di-hara-p-kan: $\OT1/lmtt/m/n/10.95 assets / images / minggu-[]04 /
 []

[45] [46]) (chapters/minggu-05.tex [47]
Bab 5.
[48

] [49]
LaTeX Font Info:    Font shape `OT1/lmtt/bx/n' in size <12> not available
(Font)              Font shape `OT1/lmtt/b/n' tried instead on input line 149.
 [50] [51] [52] [53] [54] [55]
Overfull \hbox (1.83528pt too wide) in paragraph at lines 472--473
[]\OT1/ntxtlf/m/n/10.95 Folder \OT1/lmtt/m/n/10.95 latihan-css \OT1/ntxtlf/m/n/10.95 berisi min-i-mal 6 file: $\OT1/lmtt/m/n/10.95 index . html$\OT1/ntxtlf/m/n/10.95 , $\OT1/lmtt/m/n/10.95 style . css$\OT1/ntxtlf/m/n/10.95 , $\OT1/lmtt/m/n/10.95 box . html$\OT1/ntxtlf/m/n/10.95 , $\OT1/lmtt/m/n/10.95 box . css$\OT1/ntxtlf/m/n/10.95 , $\OT1/lmtt/m/n/10.95 tipografi .
 []

[56]
Underfull \hbox (badness 8189) in paragraph at lines 499--499
[]|\OT1/ntxtlf/m/n/10.95 CSS tidak berpen-
 []


Underfull \hbox (badness 10000) in paragraph at lines 499--500
[]|\OT1/ntxtlf/m/n/10.95 Pastikan ada \OT1/lmtt/m/n/10.95 <link
 []


Underfull \hbox (badness 10000) in paragraph at lines 499--500
\OT1/lmtt/m/n/10.95 rel="stylesheet"
 []


Underfull \hbox (badness 10000) in paragraph at lines 499--500
\OT1/lmtt/m/n/10.95 href="style.css"> \OT1/ntxtlf/m/n/10.95 dan
 []


Underfull \hbox (badness 10000) in paragraph at lines 501--501
[]|\OT1/ntxtlf/m/n/10.95 Perubahan tidak
 []


Underfull \hbox (badness 6364) in paragraph at lines 505--505
[]|\OT1/ntxtlf/m/n/10.95 Jarak an-tar el-e-men
 []


Underfull \hbox (badness 10000) in paragraph at lines 505--505
[]|\OT1/ntxtlf/m/it/10.95 Margin\OT1/ntxtlf/m/n/10.95 /\OT1/ntxtlf/m/it/10.95 padding \OT1/ntxtlf/m/n/10.95 belum
 []

) (chapters/minggu-06.tex [57]
Bab 6.

Underfull \hbox (badness 10000) in paragraph at lines 73--74
[]|\OT1/ntxtlf/m/n/10.95 Arah item: \OT1/lmtt/m/n/10.95 row\OT1/ntxtlf/m/n/10.95 , \OT1/lmtt/m/n/10.95 column\OT1/ntxtlf/m/n/10.95 , \OT1/lmtt/m/n/10.95 row-reverse\OT1/ntxtlf/m/n/10.95 ,
 []


LaTeX Warning: `!h' float specifier changed to `!ht'.

[58

] [59] [60] [61] [62] [63] [64] [65] [66] [67] [68]
Underfull \hbox (badness 10000) in paragraph at lines 595--596
[]|\OT1/ntxtlf/m/n/10.95 Pastikan prop-erti \OT1/lmtt/m/n/10.95 display:
 []


Underfull \hbox (badness 10000) in paragraph at lines 597--597
[]|\OT1/lmtt/m/n/10.95 justify-content
 []


Underfull \hbox (badness 10000) in paragraph at lines 597--598
[]|\OT1/lmtt/m/n/10.95 justify-content \OT1/ntxtlf/m/n/10.95 bek-erja
 []


Underfull \hbox (badness 10000) in paragraph at lines 597--598
\OT1/ntxtlf/m/n/10.95 pada sumbu utama; jika
 []


Underfull \hbox (badness 10000) in paragraph at lines 597--598
\OT1/lmtt/m/n/10.95 flex-direction: column\OT1/ntxtlf/m/n/10.95 ,
 []


Underfull \hbox (badness 10000) in paragraph at lines 599--600
[]|\OT1/ntxtlf/m/n/10.95 Tambahkan \OT1/lmtt/m/n/10.95 flex-wrap:
 []


Underfull \hbox (badness 10000) in paragraph at lines 601--601
[]|\OT1/ntxtlf/m/n/10.95 Menggunakan \OT1/lmtt/m/n/10.95 margin
 []


Underfull \hbox (badness 10000) in paragraph at lines 603--603
[]|\OT1/ntxtlf/m/n/10.95 Item tidak menen-
 []


Underfull \hbox (badness 10000) in paragraph at lines 603--603
[]|$\OT1/lmtt/m/n/10.95 align-[]items /
 []


Underfull \hbox (badness 10000) in paragraph at lines 603--603
\OT1/lmtt/m/n/10.95 justify-[]content$
 []


Underfull \hbox (badness 10000) in paragraph at lines 605--606
\OT1/lmtt/m/n/10.95 padding: 0; box-sizing:
 []

) (chapters/minggu-07.tex [69]
Bab 7.

Underfull \hbox (badness 10000) in paragraph at lines 30--31
[]\OT1/ntxtlf/m/n/10.95 mempraktikkan prop-erti \OT1/ntxtlf/m/it/10.95 grid \OT1/ntxtlf/m/n/10.95 (\OT1/lmtt/m/n/10.95 grid-template-columns\OT1/ntxtlf/m/n/10.95 , \OT1/lmtt/m/n/10.95 grid-template-rows\OT1/ntxtlf/m/n/10.95 ,
 []

[70

] [71] [72] [73] [74] [75] [76] [77] [78] [79] [80] [81]
Overfull \hbox (2.55809pt too wide) in paragraph at lines 657--658
[]\OT1/ntxtlf/m/n/10.95 Folder \OT1/lmtt/m/n/10.95 latihan-grid \OT1/ntxtlf/m/n/10.95 berisi file: $\OT1/lmtt/m/n/10.95 index . html$\OT1/ntxtlf/m/n/10.95 , $\OT1/lmtt/m/n/10.95 style . css$\OT1/ntxtlf/m/n/10.95 , $\OT1/lmtt/m/n/10.95 layout . html$\OT1/ntxtlf/m/n/10.95 , $\OT1/lmtt/m/n/10.95 layout . css$\OT1/ntxtlf/m/n/10.95 , $\OT1/lmtt/m/n/10.95 responsive .
 []

[82]
Underfull \hbox (badness 10000) in paragraph at lines 691--692
[]|\OT1/ntxtlf/m/n/10.95 Pastikan prop-erti \OT1/lmtt/m/n/10.95 display:
 []


Underfull \hbox (badness 10000) in paragraph at lines 693--693
[]|\OT1/ntxtlf/m/n/10.95 Item tidak pin-dah
 []


Underfull \hbox (badness 10000) in paragraph at lines 693--694
[]|\OT1/ntxtlf/m/n/10.95 Pastikan ada \OT1/lmtt/m/n/10.95 @media
 []


Underfull \hbox (badness 3919) in paragraph at lines 693--694
\OT1/lmtt/m/n/10.95 (max-width: ...) \OT1/ntxtlf/m/n/10.95 atau
 []


Underfull \hbox (badness 10000) in paragraph at lines 695--695
[]|\OT1/ntxtlf/m/it/10.95 Media query \OT1/ntxtlf/m/n/10.95 tidak
 []


Underfull \hbox (badness 10000) in paragraph at lines 697--698
[]|\OT1/ntxtlf/m/n/10.95 Pastikan ada \OT1/lmtt/m/n/10.95 <meta
 []


Underfull \hbox (badness 10000) in paragraph at lines 697--698
\OT1/lmtt/m/n/10.95 name="viewport"
 []


Overfull \hbox (18.70076pt too wide) in paragraph at lines 697--698
\OT1/lmtt/m/n/10.95 content="width=device-width,
 []


Underfull \hbox (badness 10000) in paragraph at lines 699--699
[]|\OT1/ntxtlf/m/n/10.95 Kolom tidak sama
 []


Underfull \hbox (badness 10000) in paragraph at lines 699--699
[]|\OT1/ntxtlf/m/n/10.95 Menggunakan sat-uan
 []


Overfull \hbox (6.91238pt too wide) in paragraph at lines 701--701
[]|\OT1/lmtt/m/n/10.95 grid-template-columns
 []


Underfull \hbox (badness 4193) in paragraph at lines 701--702
[]|\OT1/ntxtlf/m/n/10.95 Periksa jum-lah kolom yang
 []

[83]) (chapters/minggu-08.tex [84]
Bab 8.
[85

] [86] [87]
LaTeX Font Info:    Font shape `OT1/lmtt/bx/n' in size <14.4> not available
(Font)              Font shape `OT1/lmtt/b/n' tried instead on input line 184.
 [88] [89] [90] [91]
Underfull \hbox (badness 3260) in paragraph at lines 459--459
[]|\OT1/lmtt/m/n/10.95 git \OT1/ntxtlf/m/n/10.95 bukan per-in-tah
 []


Underfull \hbox (badness 3482) in paragraph at lines 459--460
[]|\OT1/ntxtlf/m/n/10.95 Instal Git dari git-scm.com,
 []


Underfull \hbox (badness 10000) in paragraph at lines 461--461
[]|\OT1/lmtt/m/n/10.95 git push \OT1/ntxtlf/m/n/10.95 mem-inta
 []


Underfull \hbox (badness 10000) in paragraph at lines 463--463
[]|\OT1/lmtt/m/n/10.95 fatal: remote
 []


Underfull \hbox (badness 10000) in paragraph at lines 463--463
\OT1/lmtt/m/n/10.95 origin already
 []


Underfull \hbox (badness 10000) in paragraph at lines 463--464
[]|\OT1/ntxtlf/m/n/10.95 Gunakan \OT1/lmtt/m/n/10.95 git remote
 []


Underfull \hbox (badness 10000) in paragraph at lines 463--464
\OT1/lmtt/m/n/10.95 set-url origin <URL>
 []


Underfull \hbox (badness 10000) in paragraph at lines 465--465
[]|\OT1/lmtt/m/n/10.95 fatal: not a git
 []


Underfull \hbox (badness 6526) in paragraph at lines 467--467
[]|\OT1/ntxtlf/m/it/10.95 Remote \OT1/ntxtlf/m/n/10.95 punya \OT1/ntxtlf/m/it/10.95 com-mit
 []


Underfull \hbox (badness 1603) in paragraph at lines 469--469
[]|\OT1/ntxtlf/m/n/10.95 Belum di-\OT1/ntxtlf/m/it/10.95 commit \OT1/ntxtlf/m/n/10.95 / di-
 []


Underfull \hbox (badness 10000) in paragraph at lines 469--470
[]|\OT1/ntxtlf/m/n/10.95 Jalankan \OT1/lmtt/m/n/10.95 git add .\OT1/ntxtlf/m/n/10.95 , \OT1/lmtt/m/n/10.95 git
 []


Underfull \hbox (badness 2359) in paragraph at lines 469--470
\OT1/lmtt/m/n/10.95 commit -m "..."\OT1/ntxtlf/m/n/10.95 , lalu \OT1/lmtt/m/n/10.95 git
 []


Underfull \hbox (badness 10000) in paragraph at lines 473--473
[]|\OT1/ntxtlf/m/n/10.95 Branch bernama
 []


Underfull \hbox (badness 10000) in paragraph at lines 473--474
[]|\OT1/ntxtlf/m/n/10.95 Jalankan \OT1/lmtt/m/n/10.95 git branch -M
 []

[92]) (chapters/minggu-09.tex [93]
Bab 9.
LaTeX Font Info:    Font shape `OT1/lmtt/bx/n' in size <10.95> not available
(Font)              Font shape `OT1/lmtt/b/n' tried instead on input line 51.
[94

] [95] [96]
Underfull \hbox (badness 1895) in paragraph at lines 205--206
[]\OT1/ntxtlf/m/n/10.95 Setelah \OT1/ntxtlf/m/it/10.95 merge\OT1/ntxtlf/m/n/10.95 , branch \OT1/lmtt/m/n/10.95 fitur-navbar \OT1/ntxtlf/m/n/10.95 bisa di-ha-pus jika tidak diper-lukan: \OT1/lmtt/m/n/10.95 git branch -d
 []

[97] [98] [99] [100] [101]
Underfull \hbox (badness 10000) in paragraph at lines 482--482
[]|\OT1/ntxtlf/m/n/10.95 Ada pe-ruba-han yang
 []


Underfull \hbox (badness 10000) in paragraph at lines 486--487
[]|\OT1/ntxtlf/m/n/10.95 Jalankan \OT1/lmtt/m/n/10.95 git push -u
 []


Underfull \hbox (badness 5504) in paragraph at lines 492--493
[]|\OT1/ntxtlf/m/n/10.95 Pastikan \OT1/lmtt/m/n/10.95 git push \OT1/ntxtlf/m/n/10.95 berhasil,
 []


Underfull \hbox (badness 5985) in paragraph at lines 494--495
[]|\OT1/ntxtlf/m/n/10.95 GitHub Pages hanya un-tuk
 []


Underfull \hbox (badness 1609) in paragraph at lines 494--495
\OT1/ntxtlf/m/it/10.95 repos-i-tory \OT1/ntxtlf/b/n/10.95 pub-lic \OT1/ntxtlf/m/n/10.95 (atau akun
 []


LaTeX Warning: `!h' float specifier changed to `!ht'.

[102]) (chapters/minggu-10.tex [103]
Bab 10.
[104

] [105] [106] [107]
Underfull \hbox (badness 1122) in paragraph at lines 225--225
[]\OT1/ntxtlf/b/n/10.95 Keterangan: \OT1/ntxtlf/m/n/10.95 Con-sole menampilkan out-put pe-mang-gi-lan fungsi \OT1/lmtt/m/n/10.95 sapa()\OT1/ntxtlf/m/n/10.95 , \OT1/lmtt/m/n/10.95 hitungLuas()\OT1/ntxtlf/m/n/10.95 , dan
 []

[108] [109] [110] [111] [112] [113]) (chapters/minggu-11.tex [114]
Bab 11.
[115

] [116] [117] [118] [119] [120] [121] [122] [123] [124] [125] [126] [127]) (chapters/minggu-12.tex [128]
Bab 12.
[129

] [130] [131] [132] [133] [134] [135] [136] [137] [138] [139] [140]) (chapters/minggu-13.tex [141]
Bab 13.
[142

] [143] [144] [145] [146]
Underfull \hbox (badness 2903) in paragraph at lines 271--272
[]\OT1/ntxtlf/m/n/10.95 Perbandingan den-gan JavaScript bi-asa: \OT1/lmtt/m/n/10.95 "<h2>Nama: " + nama + "</h2>" \OT1/ntxtlf/m/n/10.95 vs \OT1/lmtt/m/n/10.95 <h2>Nama:
 []

[147] [148] [149] [150] [151] [152] [153] [154] [155]) (chapters/minggu-14.tex [156]
Bab 14.
[157

] [158]
Overfull \hbox (10.54068pt too wide) in paragraph at lines 151--152
[]\OT1/ntxtlf/m/n/10.95 Untuk se-tiap heuris-tik, diskusikan se-cara berkelom-pok dan catat di \OT1/lmtt/m/n/10.95 research/heuristic-evaluation.md\OT1/ntxtlf/m/n/10.95 .
 []

[159]
Underfull \hbox (badness 10000) in paragraph at lines 173--173
[]\OT1/ntxtlf/b/n/10.95 Jalur aset yang di-hara-p-kan: $\OT1/lmtt/m/n/10.95 assets / images / minggu-[]14 /
 []

[160] [161] [162] [163]
Overfull \hbox (11.68915pt too wide) in paragraph at lines 367--368
[]\OT1/ntxtlf/m/n/10.95 File \OT1/lmtt/m/n/10.95 index.html \OT1/ntxtlf/m/n/10.95 su-dah mu-lai disi-ap-kan (kosong atau \OT1/ntxtlf/m/it/10.95 skele-ton \OT1/ntxtlf/m/n/10.95 HTML su-dah ada di branch \OT1/lmtt/m/n/10.95 final-project\OT1/ntxtlf/m/n/10.95 ). 
 []

) (chapters/minggu-15.tex [164]
Bab 15.
[165

] [166] [167] [168] [169] [170] [171]
Underfull \hbox (badness 5756) in paragraph at lines 390--391
[]|\OT1/ntxtlf/m/n/10 Cek path file di HTML --- gu-nakan \OT1/ntxtlf/m/it/10 rel-a-tive
 []


Underfull \hbox (badness 10000) in paragraph at lines 390--391
\OT1/ntxtlf/m/it/10 path \OT1/ntxtlf/m/n/10 (\OT1/lmtt/m/n/10 css/style.css\OT1/ntxtlf/m/n/10 ), bukan \OT1/ntxtlf/m/it/10 ab-so-lute path
 []

[172] [173] [174] [175]
Overfull \hbox (9.2113pt too wide) in paragraph at lines 529--530
[]\OT1/ntxtlf/m/n/10.95 MDN: HTML Se-man-tics: [][]$\OT1/lmtt/m/n/10.95 https : / / developer . mozilla . org / en-[]US / docs / Guide / HTML / Sections _
 []

) (chapters/minggu-16.tex [176]
Bab 16.
[177

]
LaTeX Font Info:    Trying to load font information for TS1+ntxtlf on input line 92.
 (C:\Users\barof\AppData\Local\Programs\MiKTeX\tex/latex/newtx\ts1ntxtlf.fd
File: ts1ntxtlf.fd 2015/01/18 v1.0 fd file for TS1/ntxtlf
)
LaTeX Font Info:    Font shape `TS1/ntxtlf/b/n' will be
(Font)              scaled to size 12.0pt on input line 92.
 [178{C:/Users/barof/AppData/Local/Programs/MiKTeX/fonts/enc/dvips/tex-gyre/q-ts1.enc}] [179] [180]
Underfull \hbox (badness 1189) in paragraph at lines 213--214
[]|\OT1/ntxtlf/m/n/10 Apa be-danya \OT1/lmtt/m/n/10 flex-direction:
 []


Underfull \hbox (badness 1490) in paragraph at lines 214--214
[]|\OT1/ntxtlf/m/n/10 Bisakah kamu men-je-laskan alur
 []

[181]
Overfull \hbox (9.83617pt too wide) in paragraph at lines 235--236
[]\OT1/ntxtlf/m/n/10.95 Setelah se-mua kelom-pok se-le-sai pre-sen-tasi, se-tiap ma-ha-siswa mengisi re-fleksi diri. Buka file \OT1/lmtt/m/n/10.95 reflection.md
 []

[182] [183] [184] [185]) [186] (main.aux)
 ***********
LaTeX2e <2026-06-01>
L3 programming layer <2026/02/24>
 ***********


LaTeX Font Warning: Some font shapes were not available, defaults substituted.


LaTeX Warning: There were multiply-defined labels.

Package rerunfilecheck Info: File `main.out' has not changed.
(rerunfilecheck)             Checksum: F50409EF939A31BB924193BB205A9821;37571.
Package logreq Info: Writing requests to 'main.run.xml'.
\openout1 = `main.run.xml'.

 ) 
Here is how much of TeX's memory you used:
 51479 strings out of 467441
 977662 string characters out of 5407592
 2290030 words of memory out of 5000000
 75896 multiletter control sequences out of 15000+600000
 662914 words of font info for 122 fonts, out of 8000000 for 9000
 1141 hyphenation exceptions out of 8191
 107i,12n,136p,764b,2396s stack positions out of 10000i,1000n,20000p,200000b,200000s
<C:/Users/barof/AppData/Local/Programs/MiKTeX/fonts/type1/public/amsfonts/cm/cmmi10.pfb><C:/Users/barof/AppData/Local/Programs/MiKTeX/fonts/type1/public/amsfonts/cm/cmr10.pfb><C:/Users/barof/AppData/Local/Programs/MiKTeX/fonts/type1/public/amsfonts/cm/cmsy10.pfb><C:/Users/barof/AppData/Local/Programs/MiKTeX/fonts/type1/public/lm/lmss17.pfb><C:/Users/barof/AppData/Local/Programs/MiKTeX/fonts/type1/public/lm/lmtk10.pfb><C:/Users/barof/AppData/Local/Programs/MiKTeX/fonts/type1/public/lm/lmtt10.pfb><C:/Users/barof/AppData/Local/Programs/MiKTeX/fonts/type1/public/amsfonts/symbols/msam10.pfb><C:/Users/barof/AppData/Local/Programs/MiKTeX/fonts/type1/public/tex-gyre/qtmb.pfb><C:/Users/barof/AppData/Local/Programs/MiKTeX/fonts/type1/public/newtx/ztmb.pfb><C:/Users/barof/AppData/Local/Programs/MiKTeX/fonts/type1/public/newtx/ztmbi.pfb><C:/Users/barof/AppData/Local/Programs/MiKTeX/fonts/type1/public/newtx/ztmr.pfb><C:/Users/barof/AppData/Local/Programs/MiKTeX/fonts/type1/public/newtx/ztmri.pfb>
Output written on main.pdf (195 pages, 1837559 bytes).
PDF statistics:
 6663 PDF objects out of 7423 (max. 8388607)
 4084 named destinations out of 4296 (max. 500000)
 1579 words of extra memory for PDF output out of 10000 (max. 10000000)

